// Jest Snapshot v1, https://goo.gl/fbAQLP

exports[`Platform tooltip Test render platform tooltip 1`] = `
ShallowWrapper {
  Symbol(enzyme.__root__): [Circular],
  Symbol(enzyme.__unrendered__): <PlatformTooltip />,
  Symbol(enzyme.__renderer__): Object {
    "batchedUpdates": [Function],
    "checkPropTypes": [Function],
    "getNode": [Function],
    "render": [Function],
    "simulateError": [Function],
    "simulateEvent": [Function],
    "unmount": [Function],
  },
  Symbol(enzyme.__node__): Object {
    "instance": null,
    "key": undefined,
    "nodeType": "class",
    "props": Object {
      "animateFill": true,
      "animation": "shift",
      "arrow": false,
      "arrowSize": "regular",
      "children": <i
        className="fab fa-amazon"
        id="tooltip"
      />,
      "className": "menu-tip align-self-center",
      "delay": 0,
      "disabled": false,
      "distance": 10,
      "duration": 375,
      "followCursor": false,
      "hideDelay": 0,
      "hideDuration": 375,
      "hideOnClick": true,
      "html": null,
      "inertia": false,
      "interactive": false,
      "interactiveBorder": 2,
      "multiple": false,
      "offset": 0,
      "onHidden": [Function],
      "onHide": [Function],
      "onRequestClose": [Function],
      "onShow": [Function],
      "onShown": [Function],
      "popperOptions": Object {},
      "position": "left",
      "size": "regular",
      "sticky": false,
      "stickyDuration": 200,
      "style": Object {},
      "target": "tooltip",
      "theme": "menu",
      "title": "undefined are platform-specific. You are currently on Alexa",
      "touchHold": false,
      "trigger": "mouseenter focus",
      "unmountHTMLWhenHide": false,
    },
    "ref": null,
    "rendered": Object {
      "instance": null,
      "key": undefined,
      "nodeType": "host",
      "props": Object {
        "className": "fab fa-amazon",
        "id": "tooltip",
      },
      "ref": null,
      "rendered": null,
      "type": "i",
    },
    "type": [Function],
  },
  Symbol(enzyme.__nodes__): Array [
    Object {
      "instance": null,
      "key": undefined,
      "nodeType": "class",
      "props": Object {
        "animateFill": true,
        "animation": "shift",
        "arrow": false,
        "arrowSize": "regular",
        "children": <i
          className="fab fa-amazon"
          id="tooltip"
        />,
        "className": "menu-tip align-self-center",
        "delay": 0,
        "disabled": false,
        "distance": 10,
        "duration": 375,
        "followCursor": false,
        "hideDelay": 0,
        "hideDuration": 375,
        "hideOnClick": true,
        "html": null,
        "inertia": false,
        "interactive": false,
        "interactiveBorder": 2,
        "multiple": false,
        "offset": 0,
        "onHidden": [Function],
        "onHide": [Function],
        "onRequestClose": [Function],
        "onShow": [Function],
        "onShown": [Function],
        "popperOptions": Object {},
        "position": "left",
        "size": "regular",
        "sticky": false,
        "stickyDuration": 200,
        "style": Object {},
        "target": "tooltip",
        "theme": "menu",
        "title": "undefined are platform-specific. You are currently on Alexa",
        "touchHold": false,
        "trigger": "mouseenter focus",
        "unmountHTMLWhenHide": false,
      },
      "ref": null,
      "rendered": Object {
        "instance": null,
        "key": undefined,
        "nodeType": "host",
        "props": Object {
          "className": "fab fa-amazon",
          "id": "tooltip",
        },
        "ref": null,
        "rendered": null,
        "type": "i",
      },
      "type": [Function],
    },
  ],
  Symbol(enzyme.__options__): Object {
    "adapter": ReactSixteenAdapter {
      "options": Object {
        "enableComponentDidUpdateOnSetState": true,
        "legacyContextMode": "parent",
        "lifecycles": Object {
          "componentDidUpdate": Object {
            "onSetState": true,
          },
          "getChildContext": Object {
            "calledByRenderer": false,
          },
          "getDerivedStateFromProps": true,
          "getSnapshotBeforeUpdate": true,
          "setState": Object {
            "skipsComponentDidUpdateOnNullish": true,
          },
        },
      },
    },
  },
}
`;
