// Jest Snapshot v1, https://goo.gl/fbAQLP

exports[`Empty Card Test render empty card 1`] = `
<div
  className="empty-card"
>
  <div>
    <img
      alt="empty card"
      src="/images/PlusThin.svg"
      style={
        Object {
          "height": "25px",
        }
      }
    />
  </div>
</div>
`;
