// Jest Snapshot v1, https://goo.gl/fbAQLP

exports[`Project Title render project title 1`] = `
<StyledComponent
  forwardedComponent={
    Object {
      "$$typeof": Symbol(react.forward_ref),
      "attrs": Array [],
      "componentStyle": ComponentStyle {
        "componentId": "sc-EHOje",
        "isStatic": true,
        "rules": Array [
          "
  overflow-x: hidden;
  text-overflow: ellipsis;
  font-size: 18px;
",
        ],
      },
      "displayName": "styled.div",
      "foldedComponentIds": Array [],
      "render": [Function],
      "styledComponentId": "sc-EHOje",
      "target": "div",
      "toString": [Function],
      "warnTooManyClasses": [Function],
      "withComponent": [Function],
    }
  }
  forwardedRef={null}
  onDoubleClick={[Function]}
>
  <styled.span
    className="mx-3"
  >
    <Link
      to="/"
    >
      <img
        alt="back"
        className="mr-3"
        src="/back.svg"
      />
    </Link>
  </styled.span>
  Loading Skill
</StyledComponent>
`;
