// Jest Snapshot v1, https://goo.gl/fbAQLP

exports[`Widget Bar render canvas widget bar 1`] = `
<div
  id="widget-bar"
>
  <ButtonGroup
    role="group"
    tag="div"
  >
    <Button
      className="round-left"
      iconPosition="right"
      isWhiteCirc={true}
      onClick={[Function]}
      onRef={[Function]}
      trackEvent="Button Click"
    >
      <i
        className="far fa-plus"
      />
    </Button>
    <Button
      className="round-right"
      iconPosition="right"
      isWhiteCirc={true}
      onClick={[Function]}
      onRef={[Function]}
      trackEvent="Button Click"
    >
      <i
        className="far fa-minus"
      />
    </Button>
  </ButtonGroup>
  <Button
    className="ml-2"
    iconPosition="right"
    isWhiteCirc={true}
    onClick={[Function]}
    onRef={[Function]}
    trackEvent="Button Click"
  >
    <i
      className="fas fa-map-marker-alt"
    />
  </Button>
  <Button
    className="ml-2"
    iconPosition="right"
    isWhiteCirc={true}
    onClick={[Function]}
    onRef={[Function]}
    trackEvent="Button Click"
  >
    <i
      className="fas fa-keyboard"
    />
  </Button>
</div>
`;
