// Jest Snapshot v1, https://goo.gl/fbAQLP

exports[`CommandEditor render command block editor 1`] = `
ShallowWrapper {
  Symbol(enzyme.__root__): [Circular],
  Symbol(enzyme.__unrendered__): <Command
    built_ins={
      Array [
        Object {
          "built_in": true,
          "inputs": Array [],
          "key": "AMAZON.CancelIntent",
          "name": "AMAZON.CancelIntent",
          "platform": "alexa",
        },
      ]
    }
    diagram_id="test_id"
    diagrams={
      Array [
        Object {
          "id": "test_id",
          "name": "ROOT",
          "sub_diagrams": Array [],
        },
      ]
    }
    intents={
      Array [
        Object {
          "_platform": "alexa",
          "inputs": Array [],
          "key": "M5s3gMETzsul",
          "name": "intent_one",
          "open": true,
        },
      ]
    }
    node={
      Object {
        "color": null,
        "extras": Object {
          "alexa": Object {
            "intent": null,
            "mapping": Array [],
            "resume": true,
          },
          "google": Object {
            "intent": null,
            "mapping": Array [],
            "resume": true,
          },
          "type": "command",
        },
        "fade": false,
        "height": 50,
        "id": "test",
        "isMoving": false,
        "linter": Array [],
        "listeners": Object {},
        "locked": false,
        "name": "Command",
        "type": "default",
        "width": 80,
        "x": 0,
        "y": 0,
      }
    }
    platform="alexa"
  />,
  Symbol(enzyme.__renderer__): Object {
    "batchedUpdates": [Function],
    "checkPropTypes": [Function],
    "getNode": [Function],
    "render": [Function],
    "simulateError": [Function],
    "simulateEvent": [Function],
    "unmount": [Function],
  },
  Symbol(enzyme.__node__): Object {
    "instance": null,
    "key": undefined,
    "nodeType": "function",
    "props": Object {
      "children": Array [
        <ButtonGroup
          className="toggle-group mb-2"
          role="group"
          tag="div"
        >
          <Button
            color="secondary"
            disabled={true}
            onClick={[Function]}
            outline={false}
            tag="button"
          >
             Command 
          </Button>
          <Button
            color="secondary"
            disabled={false}
            onClick={[Function]}
            outline={true}
            tag="button"
          >
             Intents 
          </Button>
          <Button
            color="secondary"
            disabled={false}
            onClick={[Function]}
            outline={true}
            tag="button"
          >
             Slots 
          </Button>
        </ButtonGroup>,
        <div
          className=""
        >
          <React.Fragment>
            <div
              className="d-flex justify-content-between"
            >
              <label>
                Command Intent
              </label>
              <PlatformTooltip
                field="Command intents"
                platform="alexa"
              />
            </div>
            <div
              className="super-center flex-hard"
            >
              <StateManager
                className="select-box mb-1"
                classNamePrefix="select-box"
                components={
                  Object {
                    "Option": [Function],
                    "SingleValue": [Function],
                  }
                }
                defaultInputValue=""
                defaultMenuIsOpen={false}
                defaultValue={null}
                onChange={[Function]}
                options={
                  Array [
                    Object {
                      "built_in": undefined,
                      "inputs": Array [],
                      "key": "M5s3gMETzsul",
                      "label": "intent_one",
                      "value": "intent_one",
                    },
                    Object {
                      "built_in": true,
                      "inputs": Array [],
                      "key": "AMAZON.CancelIntent",
                      "label": "CancelIntent",
                      "value": "AMAZON.CancelIntent",
                    },
                  ]
                }
                placeholder="Select Intent"
                styles={
                  Object {
                    "singleValue": [Function],
                  }
                }
                value={null}
              />
            </div>
            <div
              className="choice-block pb-4 pt-3 mt-3"
            >
              <React.Fragment>
                <h5
                  className="mb-0"
                >
                  Command Flow
                </h5>
                <label>
                  Create a New Flow
                </label>
                <Button
                  className="btn-primary btn-block btn-lg"
                  color="secondary"
                  onClick={[Function]}
                  tag="button"
                >
                  Create New Flow 
                  <i
                    className="fas fa-sign-in"
                  />
                </Button>
                <hr
                  className="mb-1"
                />
                <React.Fragment>
                  <label>
                    Select Existing Flow
                  </label>
                  <StateManager
                    classNamePrefix="select-box"
                    defaultInputValue=""
                    defaultMenuIsOpen={false}
                    defaultValue={null}
                    onChange={[Function]}
                    options={Array []}
                  />
                </React.Fragment>
              </React.Fragment>
            </div>
          </React.Fragment>
        </div>,
      ],
    },
    "ref": null,
    "rendered": Array [
      Object {
        "instance": null,
        "key": undefined,
        "nodeType": "function",
        "props": Object {
          "children": Array [
            <Button
              color="secondary"
              disabled={true}
              onClick={[Function]}
              outline={false}
              tag="button"
            >
               Command 
            </Button>,
            <Button
              color="secondary"
              disabled={false}
              onClick={[Function]}
              outline={true}
              tag="button"
            >
               Intents 
            </Button>,
            <Button
              color="secondary"
              disabled={false}
              onClick={[Function]}
              outline={true}
              tag="button"
            >
               Slots 
            </Button>,
          ],
          "className": "toggle-group mb-2",
          "role": "group",
          "tag": "div",
        },
        "ref": null,
        "rendered": Array [
          Object {
            "instance": null,
            "key": undefined,
            "nodeType": "class",
            "props": Object {
              "children": " Command ",
              "color": "secondary",
              "disabled": true,
              "onClick": [Function],
              "outline": false,
              "tag": "button",
            },
            "ref": null,
            "rendered": " Command ",
            "type": [Function],
          },
          Object {
            "instance": null,
            "key": undefined,
            "nodeType": "class",
            "props": Object {
              "children": " Intents ",
              "color": "secondary",
              "disabled": false,
              "onClick": [Function],
              "outline": true,
              "tag": "button",
            },
            "ref": null,
            "rendered": " Intents ",
            "type": [Function],
          },
          Object {
            "instance": null,
            "key": undefined,
            "nodeType": "class",
            "props": Object {
              "children": " Slots ",
              "color": "secondary",
              "disabled": false,
              "onClick": [Function],
              "outline": true,
              "tag": "button",
            },
            "ref": null,
            "rendered": " Slots ",
            "type": [Function],
          },
        ],
        "type": [Function],
      },
      Object {
        "instance": null,
        "key": undefined,
        "nodeType": "host",
        "props": Object {
          "children": <React.Fragment>
            <div
              className="d-flex justify-content-between"
            >
              <label>
                Command Intent
              </label>
              <PlatformTooltip
                field="Command intents"
                platform="alexa"
              />
            </div>
            <div
              className="super-center flex-hard"
            >
              <StateManager
                className="select-box mb-1"
                classNamePrefix="select-box"
                components={
                  Object {
                    "Option": [Function],
                    "SingleValue": [Function],
                  }
                }
                defaultInputValue=""
                defaultMenuIsOpen={false}
                defaultValue={null}
                onChange={[Function]}
                options={
                  Array [
                    Object {
                      "built_in": undefined,
                      "inputs": Array [],
                      "key": "M5s3gMETzsul",
                      "label": "intent_one",
                      "value": "intent_one",
                    },
                    Object {
                      "built_in": true,
                      "inputs": Array [],
                      "key": "AMAZON.CancelIntent",
                      "label": "CancelIntent",
                      "value": "AMAZON.CancelIntent",
                    },
                  ]
                }
                placeholder="Select Intent"
                styles={
                  Object {
                    "singleValue": [Function],
                  }
                }
                value={null}
              />
            </div>
            <div
              className="choice-block pb-4 pt-3 mt-3"
            >
              <React.Fragment>
                <h5
                  className="mb-0"
                >
                  Command Flow
                </h5>
                <label>
                  Create a New Flow
                </label>
                <Button
                  className="btn-primary btn-block btn-lg"
                  color="secondary"
                  onClick={[Function]}
                  tag="button"
                >
                  Create New Flow 
                  <i
                    className="fas fa-sign-in"
                  />
                </Button>
                <hr
                  className="mb-1"
                />
                <React.Fragment>
                  <label>
                    Select Existing Flow
                  </label>
                  <StateManager
                    classNamePrefix="select-box"
                    defaultInputValue=""
                    defaultMenuIsOpen={false}
                    defaultValue={null}
                    onChange={[Function]}
                    options={Array []}
                  />
                </React.Fragment>
              </React.Fragment>
            </div>
          </React.Fragment>,
          "className": "",
        },
        "ref": null,
        "rendered": Object {
          "instance": null,
          "key": undefined,
          "nodeType": "function",
          "props": Object {
            "children": Array [
              <div
                className="d-flex justify-content-between"
              >
                <label>
                  Command Intent
                </label>
                <PlatformTooltip
                  field="Command intents"
                  platform="alexa"
                />
              </div>,
              <div
                className="super-center flex-hard"
              >
                <StateManager
                  className="select-box mb-1"
                  classNamePrefix="select-box"
                  components={
                    Object {
                      "Option": [Function],
                      "SingleValue": [Function],
                    }
                  }
                  defaultInputValue=""
                  defaultMenuIsOpen={false}
                  defaultValue={null}
                  onChange={[Function]}
                  options={
                    Array [
                      Object {
                        "built_in": undefined,
                        "inputs": Array [],
                        "key": "M5s3gMETzsul",
                        "label": "intent_one",
                        "value": "intent_one",
                      },
                      Object {
                        "built_in": true,
                        "inputs": Array [],
                        "key": "AMAZON.CancelIntent",
                        "label": "CancelIntent",
                        "value": "AMAZON.CancelIntent",
                      },
                    ]
                  }
                  placeholder="Select Intent"
                  styles={
                    Object {
                      "singleValue": [Function],
                    }
                  }
                  value={null}
                />
              </div>,
              false,
              <div
                className="choice-block pb-4 pt-3 mt-3"
              >
                <React.Fragment>
                  <h5
                    className="mb-0"
                  >
                    Command Flow
                  </h5>
                  <label>
                    Create a New Flow
                  </label>
                  <Button
                    className="btn-primary btn-block btn-lg"
                    color="secondary"
                    onClick={[Function]}
                    tag="button"
                  >
                    Create New Flow 
                    <i
                      className="fas fa-sign-in"
                    />
                  </Button>
                  <hr
                    className="mb-1"
                  />
                  <React.Fragment>
                    <label>
                      Select Existing Flow
                    </label>
                    <StateManager
                      classNamePrefix="select-box"
                      defaultInputValue=""
                      defaultMenuIsOpen={false}
                      defaultValue={null}
                      onChange={[Function]}
                      options={Array []}
                    />
                  </React.Fragment>
                </React.Fragment>
              </div>,
              false,
            ],
          },
          "ref": null,
          "rendered": Array [
            Object {
              "instance": null,
              "key": undefined,
              "nodeType": "host",
              "props": Object {
                "children": Array [
                  <label>
                    Command Intent
                  </label>,
                  <PlatformTooltip
                    field="Command intents"
                    platform="alexa"
                  />,
                ],
                "className": "d-flex justify-content-between",
              },
              "ref": null,
              "rendered": Array [
                Object {
                  "instance": null,
                  "key": undefined,
                  "nodeType": "host",
                  "props": Object {
                    "children": "Command Intent",
                  },
                  "ref": null,
                  "rendered": "Command Intent",
                  "type": "label",
                },
                Object {
                  "instance": null,
                  "key": undefined,
                  "nodeType": "class",
                  "props": Object {
                    "field": "Command intents",
                    "platform": "alexa",
                  },
                  "ref": null,
                  "rendered": null,
                  "type": [Function],
                },
              ],
              "type": "div",
            },
            Object {
              "instance": null,
              "key": undefined,
              "nodeType": "host",
              "props": Object {
                "children": <StateManager
                  className="select-box mb-1"
                  classNamePrefix="select-box"
                  components={
                    Object {
                      "Option": [Function],
                      "SingleValue": [Function],
                    }
                  }
                  defaultInputValue=""
                  defaultMenuIsOpen={false}
                  defaultValue={null}
                  onChange={[Function]}
                  options={
                    Array [
                      Object {
                        "built_in": undefined,
                        "inputs": Array [],
                        "key": "M5s3gMETzsul",
                        "label": "intent_one",
                        "value": "intent_one",
                      },
                      Object {
                        "built_in": true,
                        "inputs": Array [],
                        "key": "AMAZON.CancelIntent",
                        "label": "CancelIntent",
                        "value": "AMAZON.CancelIntent",
                      },
                    ]
                  }
                  placeholder="Select Intent"
                  styles={
                    Object {
                      "singleValue": [Function],
                    }
                  }
                  value={null}
                />,
                "className": "super-center flex-hard",
              },
              "ref": null,
              "rendered": Object {
                "instance": null,
                "key": undefined,
                "nodeType": "class",
                "props": Object {
                  "className": "select-box mb-1",
                  "classNamePrefix": "select-box",
                  "components": Object {
                    "Option": [Function],
                    "SingleValue": [Function],
                  },
                  "defaultInputValue": "",
                  "defaultMenuIsOpen": false,
                  "defaultValue": null,
                  "isDisabled": undefined,
                  "onChange": [Function],
                  "options": Array [
                    Object {
                      "built_in": undefined,
                      "inputs": Array [],
                      "key": "M5s3gMETzsul",
                      "label": "intent_one",
                      "value": "intent_one",
                    },
                    Object {
                      "built_in": true,
                      "inputs": Array [],
                      "key": "AMAZON.CancelIntent",
                      "label": "CancelIntent",
                      "value": "AMAZON.CancelIntent",
                    },
                  ],
                  "placeholder": "Select Intent",
                  "styles": Object {
                    "singleValue": [Function],
                  },
                  "value": null,
                },
                "ref": Object {
                  "current": null,
                },
                "rendered": null,
                "type": [Function],
              },
              "type": "div",
            },
            false,
            Object {
              "instance": null,
              "key": undefined,
              "nodeType": "host",
              "props": Object {
                "children": <React.Fragment>
                  <h5
                    className="mb-0"
                  >
                    Command Flow
                  </h5>
                  <label>
                    Create a New Flow
                  </label>
                  <Button
                    className="btn-primary btn-block btn-lg"
                    color="secondary"
                    onClick={[Function]}
                    tag="button"
                  >
                    Create New Flow 
                    <i
                      className="fas fa-sign-in"
                    />
                  </Button>
                  <hr
                    className="mb-1"
                  />
                  <React.Fragment>
                    <label>
                      Select Existing Flow
                    </label>
                    <StateManager
                      classNamePrefix="select-box"
                      defaultInputValue=""
                      defaultMenuIsOpen={false}
                      defaultValue={null}
                      onChange={[Function]}
                      options={Array []}
                    />
                  </React.Fragment>
                </React.Fragment>,
                "className": "choice-block pb-4 pt-3 mt-3",
              },
              "ref": null,
              "rendered": Object {
                "instance": null,
                "key": undefined,
                "nodeType": "function",
                "props": Object {
                  "children": Array [
                    <h5
                      className="mb-0"
                    >
                      Command Flow
                    </h5>,
                    <label>
                      Create a New Flow
                    </label>,
                    <Button
                      className="btn-primary btn-block btn-lg"
                      color="secondary"
                      onClick={[Function]}
                      tag="button"
                    >
                      Create New Flow 
                      <i
                        className="fas fa-sign-in"
                      />
                    </Button>,
                    <hr
                      className="mb-1"
                    />,
                    <React.Fragment>
                      <label>
                        Select Existing Flow
                      </label>
                      <StateManager
                        classNamePrefix="select-box"
                        defaultInputValue=""
                        defaultMenuIsOpen={false}
                        defaultValue={null}
                        onChange={[Function]}
                        options={Array []}
                      />
                    </React.Fragment>,
                  ],
                },
                "ref": null,
                "rendered": Array [
                  Object {
                    "instance": null,
                    "key": undefined,
                    "nodeType": "host",
                    "props": Object {
                      "children": "Command Flow",
                      "className": "mb-0",
                    },
                    "ref": null,
                    "rendered": "Command Flow",
                    "type": "h5",
                  },
                  Object {
                    "instance": null,
                    "key": undefined,
                    "nodeType": "host",
                    "props": Object {
                      "children": "Create a New Flow",
                    },
                    "ref": null,
                    "rendered": "Create a New Flow",
                    "type": "label",
                  },
                  Object {
                    "instance": null,
                    "key": undefined,
                    "nodeType": "class",
                    "props": Object {
                      "children": Array [
                        "Create New Flow ",
                        <i
                          className="fas fa-sign-in"
                        />,
                      ],
                      "className": "btn-primary btn-block btn-lg",
                      "color": "secondary",
                      "onClick": [Function],
                      "tag": "button",
                    },
                    "ref": null,
                    "rendered": Array [
                      "Create New Flow ",
                      Object {
                        "instance": null,
                        "key": undefined,
                        "nodeType": "host",
                        "props": Object {
                          "className": "fas fa-sign-in",
                        },
                        "ref": null,
                        "rendered": null,
                        "type": "i",
                      },
                    ],
                    "type": [Function],
                  },
                  Object {
                    "instance": null,
                    "key": undefined,
                    "nodeType": "host",
                    "props": Object {
                      "className": "mb-1",
                    },
                    "ref": null,
                    "rendered": null,
                    "type": "hr",
                  },
                  Object {
                    "instance": null,
                    "key": undefined,
                    "nodeType": "function",
                    "props": Object {
                      "children": Array [
                        <label>
                          Select Existing Flow
                        </label>,
                        <StateManager
                          classNamePrefix="select-box"
                          defaultInputValue=""
                          defaultMenuIsOpen={false}
                          defaultValue={null}
                          onChange={[Function]}
                          options={Array []}
                        />,
                      ],
                    },
                    "ref": null,
                    "rendered": Array [
                      Object {
                        "instance": null,
                        "key": undefined,
                        "nodeType": "host",
                        "props": Object {
                          "children": "Select Existing Flow",
                        },
                        "ref": null,
                        "rendered": "Select Existing Flow",
                        "type": "label",
                      },
                      Object {
                        "instance": null,
                        "key": undefined,
                        "nodeType": "class",
                        "props": Object {
                          "classNamePrefix": "select-box",
                          "defaultInputValue": "",
                          "defaultMenuIsOpen": false,
                          "defaultValue": null,
                          "onChange": [Function],
                          "options": Array [],
                        },
                        "ref": null,
                        "rendered": null,
                        "type": [Function],
                      },
                    ],
                    "type": Symbol(react.fragment),
                  },
                ],
                "type": Symbol(react.fragment),
              },
              "type": "div",
            },
            false,
          ],
          "type": Symbol(react.fragment),
        },
        "type": "div",
      },
    ],
    "type": Symbol(react.fragment),
  },
  Symbol(enzyme.__nodes__): Array [
    Object {
      "instance": null,
      "key": undefined,
      "nodeType": "function",
      "props": Object {
        "children": Array [
          <ButtonGroup
            className="toggle-group mb-2"
            role="group"
            tag="div"
          >
            <Button
              color="secondary"
              disabled={true}
              onClick={[Function]}
              outline={false}
              tag="button"
            >
               Command 
            </Button>
            <Button
              color="secondary"
              disabled={false}
              onClick={[Function]}
              outline={true}
              tag="button"
            >
               Intents 
            </Button>
            <Button
              color="secondary"
              disabled={false}
              onClick={[Function]}
              outline={true}
              tag="button"
            >
               Slots 
            </Button>
          </ButtonGroup>,
          <div
            className=""
          >
            <React.Fragment>
              <div
                className="d-flex justify-content-between"
              >
                <label>
                  Command Intent
                </label>
                <PlatformTooltip
                  field="Command intents"
                  platform="alexa"
                />
              </div>
              <div
                className="super-center flex-hard"
              >
                <StateManager
                  className="select-box mb-1"
                  classNamePrefix="select-box"
                  components={
                    Object {
                      "Option": [Function],
                      "SingleValue": [Function],
                    }
                  }
                  defaultInputValue=""
                  defaultMenuIsOpen={false}
                  defaultValue={null}
                  onChange={[Function]}
                  options={
                    Array [
                      Object {
                        "built_in": undefined,
                        "inputs": Array [],
                        "key": "M5s3gMETzsul",
                        "label": "intent_one",
                        "value": "intent_one",
                      },
                      Object {
                        "built_in": true,
                        "inputs": Array [],
                        "key": "AMAZON.CancelIntent",
                        "label": "CancelIntent",
                        "value": "AMAZON.CancelIntent",
                      },
                    ]
                  }
                  placeholder="Select Intent"
                  styles={
                    Object {
                      "singleValue": [Function],
                    }
                  }
                  value={null}
                />
              </div>
              <div
                className="choice-block pb-4 pt-3 mt-3"
              >
                <React.Fragment>
                  <h5
                    className="mb-0"
                  >
                    Command Flow
                  </h5>
                  <label>
                    Create a New Flow
                  </label>
                  <Button
                    className="btn-primary btn-block btn-lg"
                    color="secondary"
                    onClick={[Function]}
                    tag="button"
                  >
                    Create New Flow 
                    <i
                      className="fas fa-sign-in"
                    />
                  </Button>
                  <hr
                    className="mb-1"
                  />
                  <React.Fragment>
                    <label>
                      Select Existing Flow
                    </label>
                    <StateManager
                      classNamePrefix="select-box"
                      defaultInputValue=""
                      defaultMenuIsOpen={false}
                      defaultValue={null}
                      onChange={[Function]}
                      options={Array []}
                    />
                  </React.Fragment>
                </React.Fragment>
              </div>
            </React.Fragment>
          </div>,
        ],
      },
      "ref": null,
      "rendered": Array [
        Object {
          "instance": null,
          "key": undefined,
          "nodeType": "function",
          "props": Object {
            "children": Array [
              <Button
                color="secondary"
                disabled={true}
                onClick={[Function]}
                outline={false}
                tag="button"
              >
                 Command 
              </Button>,
              <Button
                color="secondary"
                disabled={false}
                onClick={[Function]}
                outline={true}
                tag="button"
              >
                 Intents 
              </Button>,
              <Button
                color="secondary"
                disabled={false}
                onClick={[Function]}
                outline={true}
                tag="button"
              >
                 Slots 
              </Button>,
            ],
            "className": "toggle-group mb-2",
            "role": "group",
            "tag": "div",
          },
          "ref": null,
          "rendered": Array [
            Object {
              "instance": null,
              "key": undefined,
              "nodeType": "class",
              "props": Object {
                "children": " Command ",
                "color": "secondary",
                "disabled": true,
                "onClick": [Function],
                "outline": false,
                "tag": "button",
              },
              "ref": null,
              "rendered": " Command ",
              "type": [Function],
            },
            Object {
              "instance": null,
              "key": undefined,
              "nodeType": "class",
              "props": Object {
                "children": " Intents ",
                "color": "secondary",
                "disabled": false,
                "onClick": [Function],
                "outline": true,
                "tag": "button",
              },
              "ref": null,
              "rendered": " Intents ",
              "type": [Function],
            },
            Object {
              "instance": null,
              "key": undefined,
              "nodeType": "class",
              "props": Object {
                "children": " Slots ",
                "color": "secondary",
                "disabled": false,
                "onClick": [Function],
                "outline": true,
                "tag": "button",
              },
              "ref": null,
              "rendered": " Slots ",
              "type": [Function],
            },
          ],
          "type": [Function],
        },
        Object {
          "instance": null,
          "key": undefined,
          "nodeType": "host",
          "props": Object {
            "children": <React.Fragment>
              <div
                className="d-flex justify-content-between"
              >
                <label>
                  Command Intent
                </label>
                <PlatformTooltip
                  field="Command intents"
                  platform="alexa"
                />
              </div>
              <div
                className="super-center flex-hard"
              >
                <StateManager
                  className="select-box mb-1"
                  classNamePrefix="select-box"
                  components={
                    Object {
                      "Option": [Function],
                      "SingleValue": [Function],
                    }
                  }
                  defaultInputValue=""
                  defaultMenuIsOpen={false}
                  defaultValue={null}
                  onChange={[Function]}
                  options={
                    Array [
                      Object {
                        "built_in": undefined,
                        "inputs": Array [],
                        "key": "M5s3gMETzsul",
                        "label": "intent_one",
                        "value": "intent_one",
                      },
                      Object {
                        "built_in": true,
                        "inputs": Array [],
                        "key": "AMAZON.CancelIntent",
                        "label": "CancelIntent",
                        "value": "AMAZON.CancelIntent",
                      },
                    ]
                  }
                  placeholder="Select Intent"
                  styles={
                    Object {
                      "singleValue": [Function],
                    }
                  }
                  value={null}
                />
              </div>
              <div
                className="choice-block pb-4 pt-3 mt-3"
              >
                <React.Fragment>
                  <h5
                    className="mb-0"
                  >
                    Command Flow
                  </h5>
                  <label>
                    Create a New Flow
                  </label>
                  <Button
                    className="btn-primary btn-block btn-lg"
                    color="secondary"
                    onClick={[Function]}
                    tag="button"
                  >
                    Create New Flow 
                    <i
                      className="fas fa-sign-in"
                    />
                  </Button>
                  <hr
                    className="mb-1"
                  />
                  <React.Fragment>
                    <label>
                      Select Existing Flow
                    </label>
                    <StateManager
                      classNamePrefix="select-box"
                      defaultInputValue=""
                      defaultMenuIsOpen={false}
                      defaultValue={null}
                      onChange={[Function]}
                      options={Array []}
                    />
                  </React.Fragment>
                </React.Fragment>
              </div>
            </React.Fragment>,
            "className": "",
          },
          "ref": null,
          "rendered": Object {
            "instance": null,
            "key": undefined,
            "nodeType": "function",
            "props": Object {
              "children": Array [
                <div
                  className="d-flex justify-content-between"
                >
                  <label>
                    Command Intent
                  </label>
                  <PlatformTooltip
                    field="Command intents"
                    platform="alexa"
                  />
                </div>,
                <div
                  className="super-center flex-hard"
                >
                  <StateManager
                    className="select-box mb-1"
                    classNamePrefix="select-box"
                    components={
                      Object {
                        "Option": [Function],
                        "SingleValue": [Function],
                      }
                    }
                    defaultInputValue=""
                    defaultMenuIsOpen={false}
                    defaultValue={null}
                    onChange={[Function]}
                    options={
                      Array [
                        Object {
                          "built_in": undefined,
                          "inputs": Array [],
                          "key": "M5s3gMETzsul",
                          "label": "intent_one",
                          "value": "intent_one",
                        },
                        Object {
                          "built_in": true,
                          "inputs": Array [],
                          "key": "AMAZON.CancelIntent",
                          "label": "CancelIntent",
                          "value": "AMAZON.CancelIntent",
                        },
                      ]
                    }
                    placeholder="Select Intent"
                    styles={
                      Object {
                        "singleValue": [Function],
                      }
                    }
                    value={null}
                  />
                </div>,
                false,
                <div
                  className="choice-block pb-4 pt-3 mt-3"
                >
                  <React.Fragment>
                    <h5
                      className="mb-0"
                    >
                      Command Flow
                    </h5>
                    <label>
                      Create a New Flow
                    </label>
                    <Button
                      className="btn-primary btn-block btn-lg"
                      color="secondary"
                      onClick={[Function]}
                      tag="button"
                    >
                      Create New Flow 
                      <i
                        className="fas fa-sign-in"
                      />
                    </Button>
                    <hr
                      className="mb-1"
                    />
                    <React.Fragment>
                      <label>
                        Select Existing Flow
                      </label>
                      <StateManager
                        classNamePrefix="select-box"
                        defaultInputValue=""
                        defaultMenuIsOpen={false}
                        defaultValue={null}
                        onChange={[Function]}
                        options={Array []}
                      />
                    </React.Fragment>
                  </React.Fragment>
                </div>,
                false,
              ],
            },
            "ref": null,
            "rendered": Array [
              Object {
                "instance": null,
                "key": undefined,
                "nodeType": "host",
                "props": Object {
                  "children": Array [
                    <label>
                      Command Intent
                    </label>,
                    <PlatformTooltip
                      field="Command intents"
                      platform="alexa"
                    />,
                  ],
                  "className": "d-flex justify-content-between",
                },
                "ref": null,
                "rendered": Array [
                  Object {
                    "instance": null,
                    "key": undefined,
                    "nodeType": "host",
                    "props": Object {
                      "children": "Command Intent",
                    },
                    "ref": null,
                    "rendered": "Command Intent",
                    "type": "label",
                  },
                  Object {
                    "instance": null,
                    "key": undefined,
                    "nodeType": "class",
                    "props": Object {
                      "field": "Command intents",
                      "platform": "alexa",
                    },
                    "ref": null,
                    "rendered": null,
                    "type": [Function],
                  },
                ],
                "type": "div",
              },
              Object {
                "instance": null,
                "key": undefined,
                "nodeType": "host",
                "props": Object {
                  "children": <StateManager
                    className="select-box mb-1"
                    classNamePrefix="select-box"
                    components={
                      Object {
                        "Option": [Function],
                        "SingleValue": [Function],
                      }
                    }
                    defaultInputValue=""
                    defaultMenuIsOpen={false}
                    defaultValue={null}
                    onChange={[Function]}
                    options={
                      Array [
                        Object {
                          "built_in": undefined,
                          "inputs": Array [],
                          "key": "M5s3gMETzsul",
                          "label": "intent_one",
                          "value": "intent_one",
                        },
                        Object {
                          "built_in": true,
                          "inputs": Array [],
                          "key": "AMAZON.CancelIntent",
                          "label": "CancelIntent",
                          "value": "AMAZON.CancelIntent",
                        },
                      ]
                    }
                    placeholder="Select Intent"
                    styles={
                      Object {
                        "singleValue": [Function],
                      }
                    }
                    value={null}
                  />,
                  "className": "super-center flex-hard",
                },
                "ref": null,
                "rendered": Object {
                  "instance": null,
                  "key": undefined,
                  "nodeType": "class",
                  "props": Object {
                    "className": "select-box mb-1",
                    "classNamePrefix": "select-box",
                    "components": Object {
                      "Option": [Function],
                      "SingleValue": [Function],
                    },
                    "defaultInputValue": "",
                    "defaultMenuIsOpen": false,
                    "defaultValue": null,
                    "isDisabled": undefined,
                    "onChange": [Function],
                    "options": Array [
                      Object {
                        "built_in": undefined,
                        "inputs": Array [],
                        "key": "M5s3gMETzsul",
                        "label": "intent_one",
                        "value": "intent_one",
                      },
                      Object {
                        "built_in": true,
                        "inputs": Array [],
                        "key": "AMAZON.CancelIntent",
                        "label": "CancelIntent",
                        "value": "AMAZON.CancelIntent",
                      },
                    ],
                    "placeholder": "Select Intent",
                    "styles": Object {
                      "singleValue": [Function],
                    },
                    "value": null,
                  },
                  "ref": Object {
                    "current": null,
                  },
                  "rendered": null,
                  "type": [Function],
                },
                "type": "div",
              },
              false,
              Object {
                "instance": null,
                "key": undefined,
                "nodeType": "host",
                "props": Object {
                  "children": <React.Fragment>
                    <h5
                      className="mb-0"
                    >
                      Command Flow
                    </h5>
                    <label>
                      Create a New Flow
                    </label>
                    <Button
                      className="btn-primary btn-block btn-lg"
                      color="secondary"
                      onClick={[Function]}
                      tag="button"
                    >
                      Create New Flow 
                      <i
                        className="fas fa-sign-in"
                      />
                    </Button>
                    <hr
                      className="mb-1"
                    />
                    <React.Fragment>
                      <label>
                        Select Existing Flow
                      </label>
                      <StateManager
                        classNamePrefix="select-box"
                        defaultInputValue=""
                        defaultMenuIsOpen={false}
                        defaultValue={null}
                        onChange={[Function]}
                        options={Array []}
                      />
                    </React.Fragment>
                  </React.Fragment>,
                  "className": "choice-block pb-4 pt-3 mt-3",
                },
                "ref": null,
                "rendered": Object {
                  "instance": null,
                  "key": undefined,
                  "nodeType": "function",
                  "props": Object {
                    "children": Array [
                      <h5
                        className="mb-0"
                      >
                        Command Flow
                      </h5>,
                      <label>
                        Create a New Flow
                      </label>,
                      <Button
                        className="btn-primary btn-block btn-lg"
                        color="secondary"
                        onClick={[Function]}
                        tag="button"
                      >
                        Create New Flow 
                        <i
                          className="fas fa-sign-in"
                        />
                      </Button>,
                      <hr
                        className="mb-1"
                      />,
                      <React.Fragment>
                        <label>
                          Select Existing Flow
                        </label>
                        <StateManager
                          classNamePrefix="select-box"
                          defaultInputValue=""
                          defaultMenuIsOpen={false}
                          defaultValue={null}
                          onChange={[Function]}
                          options={Array []}
                        />
                      </React.Fragment>,
                    ],
                  },
                  "ref": null,
                  "rendered": Array [
                    Object {
                      "instance": null,
                      "key": undefined,
                      "nodeType": "host",
                      "props": Object {
                        "children": "Command Flow",
                        "className": "mb-0",
                      },
                      "ref": null,
                      "rendered": "Command Flow",
                      "type": "h5",
                    },
                    Object {
                      "instance": null,
                      "key": undefined,
                      "nodeType": "host",
                      "props": Object {
                        "children": "Create a New Flow",
                      },
                      "ref": null,
                      "rendered": "Create a New Flow",
                      "type": "label",
                    },
                    Object {
                      "instance": null,
                      "key": undefined,
                      "nodeType": "class",
                      "props": Object {
                        "children": Array [
                          "Create New Flow ",
                          <i
                            className="fas fa-sign-in"
                          />,
                        ],
                        "className": "btn-primary btn-block btn-lg",
                        "color": "secondary",
                        "onClick": [Function],
                        "tag": "button",
                      },
                      "ref": null,
                      "rendered": Array [
                        "Create New Flow ",
                        Object {
                          "instance": null,
                          "key": undefined,
                          "nodeType": "host",
                          "props": Object {
                            "className": "fas fa-sign-in",
                          },
                          "ref": null,
                          "rendered": null,
                          "type": "i",
                        },
                      ],
                      "type": [Function],
                    },
                    Object {
                      "instance": null,
                      "key": undefined,
                      "nodeType": "host",
                      "props": Object {
                        "className": "mb-1",
                      },
                      "ref": null,
                      "rendered": null,
                      "type": "hr",
                    },
                    Object {
                      "instance": null,
                      "key": undefined,
                      "nodeType": "function",
                      "props": Object {
                        "children": Array [
                          <label>
                            Select Existing Flow
                          </label>,
                          <StateManager
                            classNamePrefix="select-box"
                            defaultInputValue=""
                            defaultMenuIsOpen={false}
                            defaultValue={null}
                            onChange={[Function]}
                            options={Array []}
                          />,
                        ],
                      },
                      "ref": null,
                      "rendered": Array [
                        Object {
                          "instance": null,
                          "key": undefined,
                          "nodeType": "host",
                          "props": Object {
                            "children": "Select Existing Flow",
                          },
                          "ref": null,
                          "rendered": "Select Existing Flow",
                          "type": "label",
                        },
                        Object {
                          "instance": null,
                          "key": undefined,
                          "nodeType": "class",
                          "props": Object {
                            "classNamePrefix": "select-box",
                            "defaultInputValue": "",
                            "defaultMenuIsOpen": false,
                            "defaultValue": null,
                            "onChange": [Function],
                            "options": Array [],
                          },
                          "ref": null,
                          "rendered": null,
                          "type": [Function],
                        },
                      ],
                      "type": Symbol(react.fragment),
                    },
                  ],
                  "type": Symbol(react.fragment),
                },
                "type": "div",
              },
              false,
            ],
            "type": Symbol(react.fragment),
          },
          "type": "div",
        },
      ],
      "type": Symbol(react.fragment),
    },
  ],
  Symbol(enzyme.__options__): Object {
    "adapter": ReactSixteenAdapter {
      "options": Object {
        "enableComponentDidUpdateOnSetState": true,
        "legacyContextMode": "parent",
        "lifecycles": Object {
          "componentDidUpdate": Object {
            "onSetState": true,
          },
          "getChildContext": Object {
            "calledByRenderer": false,
          },
          "getDerivedStateFromProps": true,
          "getSnapshotBeforeUpdate": true,
          "setState": Object {
            "skipsComponentDidUpdateOnNullish": true,
          },
        },
      },
    },
  },
}
`;
