// Jest Snapshot v1, https://goo.gl/fbAQLP

exports[`MailEditor render mail block editor 1`] = `
<div
  className="text-center"
>
  <img
    alt="user"
    className="mb-3 mt-5"
    src="/images/email_2.svg"
    width="80"
  />
  <br />
  <span
    className="text-muted"
  >
    You currently have no Email Templates
  </span>
  <Link
    className="btn btn-secondary mt-3"
    to="/tools/undefined/emails"
  >
    Add Templates
  </Link>
</div>
`;
