// Jest Snapshot v1, https://goo.gl/fbAQLP

exports[`RandomEditor render random block editor 1`] = `
<div>
  <div>
    <button
      className="btn btn-clear btn-lg btn-block mt-2"
      onClick={[Function]}
    >
      Add Path
    </button>
  </div>
  <InputGroup
    className="my-3"
    tag="div"
  >
    <label
      className="input-group-text w-100 m-0 text-left"
    >
      <Input
        addon={true}
        checked={false}
        onChange={[Function]}
        type="checkbox"
      />
      <span
        className="ml-3"
      >
        No duplicates
      </span>
    </label>
  </InputGroup>
</div>
`;
