// Jest Snapshot v1, https://goo.gl/fbAQLP

exports[`RandomEditor render random block editor 1`] = `
ShallowWrapper {
  Symbol(enzyme.__root__): [Circular],
  Symbol(enzyme.__unrendered__): <RandomBlock
    node={
      Object {
        "color": null,
        "extras": Object {
          "paths": 1,
          "type": "random",
        },
        "fade": false,
        "height": 50,
        "id": "test",
        "isMoving": false,
        "linter": Array [],
        "listeners": Object {},
        "locked": false,
        "name": "Random",
        "type": "default",
        "width": 80,
        "x": 0,
        "y": 0,
      }
    }
  />,
  Symbol(enzyme.__renderer__): Object {
    "batchedUpdates": [Function],
    "checkPropTypes": [Function],
    "getNode": [Function],
    "render": [Function],
    "simulateError": [Function],
    "simulateEvent": [Function],
    "unmount": [Function],
  },
  Symbol(enzyme.__node__): Object {
    "instance": null,
    "key": undefined,
    "nodeType": "host",
    "props": Object {
      "children": Array [
        <InputGroup
          className="my-3"
          tag="div"
        >
          <label
            className="input-group-text w-100 m-0 text-left"
          >
            <Input
              addon={true}
              checked={false}
              onChange={[Function]}
              type="checkbox"
            />
            <span
              className="ml-1"
            >
              No duplicates
            </span>
          </label>
        </InputGroup>,
        <div>
          <button
            className="btn btn-clear btn-lg btn-block"
            onClick={[Function]}
          >
            Add Path
            <i
              className="far fa-plus ml-2"
            />
          </button>
        </div>,
        null,
      ],
    },
    "ref": null,
    "rendered": Array [
      Object {
        "instance": null,
        "key": undefined,
        "nodeType": "function",
        "props": Object {
          "children": <label
            className="input-group-text w-100 m-0 text-left"
          >
            <Input
              addon={true}
              checked={false}
              onChange={[Function]}
              type="checkbox"
            />
            <span
              className="ml-1"
            >
              No duplicates
            </span>
          </label>,
          "className": "my-3",
          "tag": "div",
        },
        "ref": null,
        "rendered": Object {
          "instance": null,
          "key": undefined,
          "nodeType": "host",
          "props": Object {
            "children": Array [
              <Input
                addon={true}
                checked={false}
                onChange={[Function]}
                type="checkbox"
              />,
              <span
                className="ml-1"
              >
                No duplicates
              </span>,
            ],
            "className": "input-group-text w-100 m-0 text-left",
          },
          "ref": null,
          "rendered": Array [
            Object {
              "instance": null,
              "key": undefined,
              "nodeType": "class",
              "props": Object {
                "addon": true,
                "checked": false,
                "onChange": [Function],
                "type": "checkbox",
              },
              "ref": null,
              "rendered": null,
              "type": [Function],
            },
            Object {
              "instance": null,
              "key": undefined,
              "nodeType": "host",
              "props": Object {
                "children": "No duplicates",
                "className": "ml-1",
              },
              "ref": null,
              "rendered": "No duplicates",
              "type": "span",
            },
          ],
          "type": "label",
        },
        "type": [Function],
      },
      Object {
        "instance": null,
        "key": undefined,
        "nodeType": "host",
        "props": Object {
          "children": <button
            className="btn btn-clear btn-lg btn-block"
            onClick={[Function]}
          >
            Add Path
            <i
              className="far fa-plus ml-2"
            />
          </button>,
        },
        "ref": null,
        "rendered": Object {
          "instance": null,
          "key": undefined,
          "nodeType": "host",
          "props": Object {
            "children": Array [
              "Add Path",
              <i
                className="far fa-plus ml-2"
              />,
            ],
            "className": "btn btn-clear btn-lg btn-block",
            "onClick": [Function],
          },
          "ref": null,
          "rendered": Array [
            "Add Path",
            Object {
              "instance": null,
              "key": undefined,
              "nodeType": "host",
              "props": Object {
                "className": "far fa-plus ml-2",
              },
              "ref": null,
              "rendered": null,
              "type": "i",
            },
          ],
          "type": "button",
        },
        "type": "div",
      },
      null,
    ],
    "type": "div",
  },
  Symbol(enzyme.__nodes__): Array [
    Object {
      "instance": null,
      "key": undefined,
      "nodeType": "host",
      "props": Object {
        "children": Array [
          <InputGroup
            className="my-3"
            tag="div"
          >
            <label
              className="input-group-text w-100 m-0 text-left"
            >
              <Input
                addon={true}
                checked={false}
                onChange={[Function]}
                type="checkbox"
              />
              <span
                className="ml-1"
              >
                No duplicates
              </span>
            </label>
          </InputGroup>,
          <div>
            <button
              className="btn btn-clear btn-lg btn-block"
              onClick={[Function]}
            >
              Add Path
              <i
                className="far fa-plus ml-2"
              />
            </button>
          </div>,
          null,
        ],
      },
      "ref": null,
      "rendered": Array [
        Object {
          "instance": null,
          "key": undefined,
          "nodeType": "function",
          "props": Object {
            "children": <label
              className="input-group-text w-100 m-0 text-left"
            >
              <Input
                addon={true}
                checked={false}
                onChange={[Function]}
                type="checkbox"
              />
              <span
                className="ml-1"
              >
                No duplicates
              </span>
            </label>,
            "className": "my-3",
            "tag": "div",
          },
          "ref": null,
          "rendered": Object {
            "instance": null,
            "key": undefined,
            "nodeType": "host",
            "props": Object {
              "children": Array [
                <Input
                  addon={true}
                  checked={false}
                  onChange={[Function]}
                  type="checkbox"
                />,
                <span
                  className="ml-1"
                >
                  No duplicates
                </span>,
              ],
              "className": "input-group-text w-100 m-0 text-left",
            },
            "ref": null,
            "rendered": Array [
              Object {
                "instance": null,
                "key": undefined,
                "nodeType": "class",
                "props": Object {
                  "addon": true,
                  "checked": false,
                  "onChange": [Function],
                  "type": "checkbox",
                },
                "ref": null,
                "rendered": null,
                "type": [Function],
              },
              Object {
                "instance": null,
                "key": undefined,
                "nodeType": "host",
                "props": Object {
                  "children": "No duplicates",
                  "className": "ml-1",
                },
                "ref": null,
                "rendered": "No duplicates",
                "type": "span",
              },
            ],
            "type": "label",
          },
          "type": [Function],
        },
        Object {
          "instance": null,
          "key": undefined,
          "nodeType": "host",
          "props": Object {
            "children": <button
              className="btn btn-clear btn-lg btn-block"
              onClick={[Function]}
            >
              Add Path
              <i
                className="far fa-plus ml-2"
              />
            </button>,
          },
          "ref": null,
          "rendered": Object {
            "instance": null,
            "key": undefined,
            "nodeType": "host",
            "props": Object {
              "children": Array [
                "Add Path",
                <i
                  className="far fa-plus ml-2"
                />,
              ],
              "className": "btn btn-clear btn-lg btn-block",
              "onClick": [Function],
            },
            "ref": null,
            "rendered": Array [
              "Add Path",
              Object {
                "instance": null,
                "key": undefined,
                "nodeType": "host",
                "props": Object {
                  "className": "far fa-plus ml-2",
                },
                "ref": null,
                "rendered": null,
                "type": "i",
              },
            ],
            "type": "button",
          },
          "type": "div",
        },
        null,
      ],
      "type": "div",
    },
  ],
  Symbol(enzyme.__options__): Object {
    "adapter": ReactSixteenAdapter {
      "options": Object {
        "enableComponentDidUpdateOnSetState": true,
        "legacyContextMode": "parent",
        "lifecycles": Object {
          "componentDidUpdate": Object {
            "onSetState": true,
          },
          "getChildContext": Object {
            "calledByRenderer": false,
          },
          "getDerivedStateFromProps": true,
          "getSnapshotBeforeUpdate": true,
          "setState": Object {
            "skipsComponentDidUpdateOnNullish": true,
          },
        },
      },
    },
  },
}
`;
