// Jest Snapshot v1, https://goo.gl/fbAQLP

exports[`SetEditor render set block editor 1`] = `
<div
  className="text-center"
>
  <Connect(SetExpression)
    block={
      Object {
        "expressions": Object {},
        "variable": null,
      }
    }
    key="0"
    onRemove={[Function]}
    onSelection={[Function]}
    onUpdate={[Function]}
  />
  <Button
    className="mt-1"
    iconPosition="right"
    isBtn={true}
    isFlatVariable={true}
    onClick={[Function]}
    onRef={[Function]}
    trackEvent="Button Click"
  >
    Add Variable Set
  </Button>
</div>
`;
