// Jest Snapshot v1, https://goo.gl/fbAQLP

exports[`SpeakEditor render speak block editor 1`] = `
<div
  style={
    Object {
      "marginTop": -6,
    }
  }
>
  <div
    className="multiline mb-2"
    key="temp"
  >
    <div
      className="multi-title-block mb-2"
    >
      <div
        className="multi-title"
      >
        <span
          className="text-muted"
          onClick={[Function]}
        >
          <i
            className="fas fa-caret-right"
          />
          1
        </span>
      </div>
      <div
        className="super-center flex-hard mr-5"
      >
        Speaking As
        <StateManager
          className="speak-box ml-2"
          classNamePrefix="select-box"
          defaultInputValue=""
          defaultMenuIsOpen={false}
          defaultValue={null}
          onChange={[Function]}
          options={
            Array [
              Object {
                "label": "Default",
                "options": Array [
                  Object {
                    "label": "Alexa",
                    "value": "Alexa",
                  },
                ],
              },
              Object {
                "label": "English US",
                "options": Array [
                  Object {
                    "label": "Ivy",
                    "value": "Ivy",
                  },
                  Object {
                    "label": "Joanna",
                    "value": "Joanna",
                  },
                  Object {
                    "label": "Joey",
                    "value": "Joey",
                  },
                  Object {
                    "label": "Justin",
                    "value": "Justin",
                  },
                  Object {
                    "label": "Kendra",
                    "value": "Kendra",
                  },
                  Object {
                    "label": "Kimberly",
                    "value": "Kimberly",
                  },
                  Object {
                    "label": "Matthew",
                    "value": "Matthew",
                  },
                  Object {
                    "label": "Salli",
                    "value": "Salli",
                  },
                ],
              },
              Object {
                "label": "English AU",
                "options": Array [
                  Object {
                    "label": "Nicole",
                    "value": "Nicole",
                  },
                  Object {
                    "label": "Russell",
                    "value": "Russell",
                  },
                ],
              },
              Object {
                "label": "English GB",
                "options": Array [
                  Object {
                    "label": "Amy",
                    "value": "Amy",
                  },
                  Object {
                    "label": "Brian",
                    "value": "Brian",
                  },
                  Object {
                    "label": "Emma",
                    "value": "Emma",
                  },
                ],
              },
              Object {
                "label": "English IN",
                "options": Array [
                  Object {
                    "label": "Aditi",
                    "value": "Aditi",
                  },
                  Object {
                    "label": "Raveena",
                    "value": "Raveena",
                  },
                ],
              },
              Object {
                "label": "German",
                "options": Array [
                  Object {
                    "label": "Hans",
                    "value": "Hans",
                  },
                  Object {
                    "label": "Marlene",
                    "value": "Marlene",
                  },
                  Object {
                    "label": "Vicki",
                    "value": "Vicki",
                  },
                ],
              },
              Object {
                "label": "Spanish",
                "options": Array [
                  Object {
                    "label": "Conchita",
                    "value": "Conchita",
                  },
                  Object {
                    "label": "Enrique",
                    "value": "Enrique",
                  },
                ],
              },
              Object {
                "label": "Italian",
                "options": Array [
                  Object {
                    "label": "Carla",
                    "value": "Carla",
                  },
                  Object {
                    "label": "Giorgio",
                    "value": "Giorgio",
                  },
                ],
              },
              Object {
                "label": "Japanese",
                "options": Array [
                  Object {
                    "label": "Mizuki",
                    "value": "Mizuki",
                  },
                  Object {
                    "label": "Takumi",
                    "value": "Takumi",
                  },
                ],
              },
              Object {
                "label": "French",
                "options": Array [
                  Object {
                    "label": "Celine",
                    "value": "Celine",
                  },
                  Object {
                    "label": "Lea",
                    "value": "Lea",
                  },
                  Object {
                    "label": "Mathieu",
                    "value": "Mathieu",
                  },
                ],
              },
            ]
          }
          value={
            Object {
              "label": "Alexa",
              "value": "Alexa",
            }
          }
        />
      </div>
      <button
        className="close"
        onClick={[Function]}
      >
        ×
      </button>
    </div>
    <Collapse
      appear={false}
      enter={true}
      exit={true}
      in={false}
      isOpen={false}
      mountOnEnter={false}
      onEnter={[Function]}
      onEntered={[Function]}
      onEntering={[Function]}
      onExit={[Function]}
      onExited={[Function]}
      onExiting={[Function]}
      tag="div"
      timeout={350}
      unmountOnExit={false}
    >
      <VariableText
        className="editor form-control auto-height"
        placeholder={
          <React.Fragment>
            Tell Alexa what to say
            <br />
            Use {variable} to add Variables
          </React.Fragment>
        }
        raw={Object {}}
        updateRaw={[Function]}
      />
    </Collapse>
    <hr />
  </div>
  <div
    className="d-flex my-3"
  >
    <button
      className="btn btn-clear btn-vertical mr-3"
      onClick={[Function]}
    >
      <img
        alt="comment"
        className="mr-2"
        src="/comment.svg"
        width="20px"
      />
      Add Speech
    </button>
    <button
      className="btn-clear btn-vertical"
      onClick={[Function]}
    >
      <img
        alt="volume"
        className="mr-2"
        src="/volume.svg"
        width="20px"
      />
      Add Audio
    </button>
  </div>
  <InputGroup
    className="my-2"
    tag="div"
  >
    <label
      className="input-group-text w-100 text-left"
    >
      <Input
        addon={true}
        checked={false}
        onChange={[Function]}
        type="checkbox"
      />
      <span
        className="ml-1"
      >
        Output Random Entry
      </span>
    </label>
  </InputGroup>
</div>
`;
