// Jest Snapshot v1, https://goo.gl/fbAQLP

exports[`Loading Modal Test render loading modal 1`] = `
<Modal
  autoFocus={true}
  backdrop={true}
  backdropTransition={
    Object {
      "mountOnEnter": true,
      "timeout": 150,
    }
  }
  centered={true}
  fade={true}
  isOpen={false}
  keyboard={true}
  modalTransition={
    Object {
      "timeout": 300,
    }
  }
  onClosed={[Function]}
  onOpened={[Function]}
  role="dialog"
  size="sm"
  zIndex={1050}
>
  <ModalBody
    className="text-center my-4"
    tag="div"
  >
    <Spinner
      message="Loading"
    />
  </ModalBody>
</Modal>
`;
