// Jest Snapshot v1, https://goo.gl/fbAQLP

exports[`Dashboard render dashboard 1`] = `
<div
  id="app"
>
  <UpdatesModal
    show_update_modal={false}
    toggle={[Function]}
  />
  <div
    id="navbar-top-left"
  >
    <div
      className="searchBar ml-4"
    >
      <Input
        className="search-input form-control-2"
        onChange={[Function]}
        placeholder="Search Skills"
        type="text"
      />
    </div>
  </div>
  <div
    className="title-group no-select pr-2"
  >
    <div
      className="subheader-right"
    >
      <Tooltip
        animateFill={true}
        animation="shift"
        arrow={false}
        arrowSize="regular"
        className="ml-1 mr-4"
        delay={0}
        disabled={false}
        distance={16}
        duration={375}
        followCursor={false}
        hideDelay={0}
        hideDuration={375}
        hideOnClick={true}
        html={null}
        inertia={false}
        interactive={false}
        interactiveBorder={2}
        multiple={false}
        offset={0}
        onHidden={[Function]}
        onHide={[Function]}
        onRequestClose={[Function]}
        onShow={[Function]}
        onShown={[Function]}
        popperOptions={Object {}}
        position="bottom"
        size="regular"
        sticky={false}
        stickyDuration={200}
        style={Object {}}
        theme="dark"
        title="Join the Voiceflow forum for help and updates"
        touchHold={false}
        trigger="mouseenter focus"
        unmountHTMLWhenHide={false}
      >
        <form
          action="https://forum.getvoiceflow.com"
        >
          <button
            className="nav-btn"
            type="submit"
          >
            <i
              className="fas fa-info-circle"
            />
          </button>
        </form>
      </Tooltip>
      <Link
        className="no-underline ml-1"
        replace={false}
        to="/templates"
      >
        <button
          className="btn purple-btn"
          varient="contained"
        >
          New Project
        </button>
      </Link>
    </div>
  </div>
  <ConfirmModal
    confirm={false}
    toggle={[Function]}
  />
  <WarningModal
    dismiss={[Function]}
    error={null}
  />
  <div
    className="my-5 pt-5 container"
  >
    <div
      id="loading-diagram"
    >
      <div
        className="text-center"
      >
        <h5
          className="text-muted mb-2"
        >
          Loading Skills
        </h5>
        <span
          className="loader"
        />
      </div>
    </div>
  </div>
</div>
`;
