// Jest Snapshot v1, https://goo.gl/fbAQLP

exports[`Header render header 1`] = `
<styled__HeaderContainer>
  <styled__PrimaryHeader>
    <styled__HeaderNavigation />
    <styled__HeaderActions>
      <styled__CenterGroup />
      <styled__JustifiedHeaderActions>
        <Connect(UserMenu) />
      </styled__JustifiedHeaderActions>
    </styled__HeaderActions>
  </styled__PrimaryHeader>
</styled__HeaderContainer>
`;
