// Jest Snapshot v1, https://goo.gl/fbAQLP

exports[`Header render header 1`] = `
<components__HeaderContainer>
  <components__PrimaryHeader>
    <components__HeaderNavigation />
    <components__HeaderActions>
      <components__CenterGroup />
      <components__JustifiedHeaderActions>
        <Connect(UserMenu) />
      </components__JustifiedHeaderActions>
    </components__HeaderActions>
  </components__PrimaryHeader>
</components__HeaderContainer>
`;
