// Jest Snapshot v1, https://goo.gl/fbAQLP

exports[`Platform tooltip Test render platform tooltip 1`] = `
<Tooltip
  animateFill={true}
  animation="shift"
  arrow={false}
  arrowSize="regular"
  className="menu-tip align-self-center"
  delay={0}
  disabled={false}
  distance={10}
  duration={375}
  followCursor={false}
  hideDelay={0}
  hideDuration={375}
  hideOnClick={true}
  html={null}
  inertia={false}
  interactive={false}
  interactiveBorder={2}
  multiple={false}
  offset={0}
  onHidden={[Function]}
  onHide={[Function]}
  onRequestClose={[Function]}
  onShow={[Function]}
  onShown={[Function]}
  popperOptions={Object {}}
  position="left"
  size="regular"
  sticky={false}
  stickyDuration={200}
  style={Object {}}
  target="tooltip"
  theme="menu"
  title="undefined are platform-specific. You are currently on Alexa"
  touchHold={false}
  trigger="mouseenter focus"
  unmountHTMLWhenHide={false}
>
  <i
    className="fab fa-amazon"
    id="tooltip"
  />
</Tooltip>
`;
