// Jest Snapshot v1, https://goo.gl/fbAQLP

exports[`Secondary Nav Bar render secondary nav bar 1`] = `
<Fragment>
  <div
    id="secondary-nav"
  >
    <styled.div>
      <div
        className="nav-item"
        key="canvas"
      >
        build
      </div>
      <div
        className="nav-item"
        key="test"
      >
        test
      </div>
      <div
        className="nav-item"
        key="publish"
      >
        publish
      </div>
      <div
        className="nav-item"
        key="analytics"
      >
        analytics
      </div>
    </styled.div>
    <styled.div />
  </div>
</Fragment>
`;
