// Jest Snapshot v1, https://goo.gl/fbAQLP

exports[`DisplayEditor render display block editor 1`] = `
<div>
  <span
    className="text-muted"
  >
    You currently have no Multimodal Displays
  </span>
  <Link
    className="btn btn-clear btn-block mt-2"
    to="/visuals/undefined"
  >
    Add Displays
  </Link>
</div>
`;
