// Jest Snapshot v1, https://goo.gl/fbAQLP

exports[`HelpModal render help modal 1`] = `
<Modal
  autoFocus={true}
  backdrop={true}
  backdropTransition={
    Object {
      "mountOnEnter": true,
      "timeout": 150,
    }
  }
  centered={false}
  fade={true}
  isOpen={false}
  keyboard={true}
  modalTransition={
    Object {
      "timeout": 300,
    }
  }
  onClosed={[Function]}
  onOpened={[Function]}
  role="dialog"
  zIndex={1050}
>
  <ModalHeader
    header="Blocks"
  />
  <ModalBody
    tag="div"
  >
    <div
      className="text-muted pl-3 pr-3 pb-3 pt-0"
    >
      Information for this block doesn't exist yet. Check back again later
    </div>
  </ModalBody>
</Modal>
`;
