// Jest Snapshot v1, https://goo.gl/fbAQLP

exports[`Dashboard render dashboard 1`] = `
<Fragment>
  <LoadingModal
    open={false}
  />
  <Connect(BoardDeleteModal)
    workspace={
      Object {
        "id": 1,
        "state": null,
      }
    }
  />
  <Connect(BoardSettingsModal)
    user={
      Object {
        "id": 1,
      }
    }
    workspace={
      Object {
        "id": 1,
        "state": null,
      }
    }
  />
  <div
    className="dashboard"
    id="app"
  >
    <DashboardHeader
      handleFilterText={[Function]}
      setShowInfo={[Function]}
      setTeamSetting={[Function]}
      showInfo={false}
      team_setting={null}
      user={
        Object {
          "id": 1,
        }
      }
      workspace={
        Object {
          "id": 1,
          "state": null,
        }
      }
      workspaceID={1}
      workspaces={
        Object {
          "allIds": Array [],
          "byId": Object {},
        }
      }
    />
    <FullSpinner
      name="Projects"
    />
  </div>
</Fragment>
`;
