// Jest Snapshot v1, https://goo.gl/fbAQLP

exports[`Dashboard render dashboard 1`] = `
<Fragment>
  <_default
    team={
      Object {
        "state": null,
        "team_id": 1,
      }
    }
    upgrade={[Function]}
  />
  <LoadingModal
    open={false}
  />
  <div
    className="dashboard"
    id="app"
  >
    <DashboardHeader
      handleFilterText={[Function]}
      new_product_updates={Array []}
      product_updates={Array []}
      setNewProductUpdates={[Function]}
      setShowInfo={[Function]}
      setShowUpdateBubble={[Function]}
      setTeamSetting={[Function]}
      showInfo={false}
      show_update_bubble={false}
      team={
        Object {
          "state": null,
          "team_id": 1,
        }
      }
      team_setting={null}
      teams={
        Object {
          "allIds": Array [],
          "byId": Object {},
        }
      }
      updateButtonClick={[Function]}
      updatesCount={0}
    />
    <FullSpinner
      name="Projects"
    />
  </div>
</Fragment>
`;
