// Jest Snapshot v1, https://goo.gl/fbAQLP

exports[`CommandEditor render command block editor 1`] = `
<Fragment>
  <ButtonGroup
    className="toggle-group mb-2"
    role="group"
    tag="div"
  >
    <Button
      color="secondary"
      disabled={true}
      onClick={[Function]}
      outline={false}
      tag="button"
    >
       Command 
    </Button>
    <Button
      color="secondary"
      disabled={false}
      onClick={[Function]}
      outline={true}
      tag="button"
    >
       Intents 
    </Button>
    <Button
      color="secondary"
      disabled={false}
      onClick={[Function]}
      outline={true}
      tag="button"
    >
       Slots 
    </Button>
  </ButtonGroup>
  <div
    className=""
  >
    <div
      className="d-flex justify-content-between"
    >
      <label>
        Command Intent
      </label>
      <PlatformTooltip
        field="Command intents"
        platform="alexa"
      />
    </div>
    <div
      className="super-center flex-hard"
    >
      <StateManager
        className="select-box mb-1"
        classNamePrefix="select-box"
        components={
          Object {
            "Option": [Function],
            "SingleValue": [Function],
          }
        }
        defaultInputValue=""
        defaultMenuIsOpen={false}
        defaultValue={null}
        onChange={[Function]}
        options={
          Array [
            Object {
              "built_in": undefined,
              "inputs": Array [],
              "key": "M5s3gMETzsul",
              "label": "intent_one",
              "value": "intent_one",
            },
            Object {
              "built_in": true,
              "inputs": Array [],
              "key": "AMAZON.CancelIntent",
              "label": "CancelIntent",
              "value": "AMAZON.CancelIntent",
            },
          ]
        }
        placeholder="Select Intent"
        styles={
          Object {
            "singleValue": [Function],
          }
        }
        value={null}
      />
    </div>
    <hr />
    <div
      className="mt-1"
    >
      <label>
        Link Command Flow
      </label>
      <Button
        iconPosition="right"
        isBlock={true}
        isClear={true}
        isLarge={true}
        onClick={[Function]}
        onRef={[Function]}
        trackEvent="Button Click"
      >
        <img
          alt="home"
          className="mr-2"
          height={15}
          src="/flows.svg"
          width={15}
        />
         Create New Flow
      </Button>
      <div
        className="break"
      >
        <span
          className="or"
        >
          OR
        </span>
      </div>
      <label>
        Select Existing Flow
      </label>
      <StateManager
        classNamePrefix="select-box"
        defaultInputValue=""
        defaultMenuIsOpen={false}
        defaultValue={null}
        onChange={[Function]}
        options={Array []}
        placeholder={
          <React.Fragment>
            <img
              alt="flows"
              src="/flows.svg"
              width="15"
            />
               Select Flow
          </React.Fragment>
        }
      />
    </div>
  </div>
</Fragment>
`;
