// Jest Snapshot v1, https://goo.gl/fbAQLP

exports[`InteractionEditor render alexa interaction block editor 1`] = `
<Fragment>
  <ButtonGroup
    className="toggle-group mb-2"
    role="group"
    tag="div"
  >
    <Button
      color="secondary"
      disabled={true}
      onClick={[Function]}
      outline={false}
      tag="button"
    >
       Choices 
    </Button>
    <Button
      color="secondary"
      disabled={false}
      onClick={[Function]}
      outline={true}
      tag="button"
    >
       Intents 
    </Button>
    <Button
      color="secondary"
      disabled={false}
      onClick={[Function]}
      outline={true}
      tag="button"
    >
       Slots 
    </Button>
  </ButtonGroup>
  <div
    className=""
  >
    <div
      className="d-flex justify-content-between"
    >
      <label>
        Choices
      </label>
      <PlatformTooltip
        field="Interaction choices"
        platform="alexa"
      />
    </div>
    <Connect(ChoiceDropdownInputs)
      choices={Array []}
      onAdd={[Function]}
      onChange={[Function]}
      onRemove={[Function]}
      platform="alexa"
      update={[Function]}
    />
  </div>
</Fragment>
`;
