// Jest Snapshot v1, https://goo.gl/fbAQLP

exports[`IntentEditor render intent block editor 1`] = `
<Fragment>
  <ButtonGroup
    className="toggle-group mb-2"
    role="group"
    tag="div"
  >
    <Button
      color="secondary"
      disabled={true}
      onClick={[Function]}
      outline={false}
      tag="button"
    >
      Select
    </Button>
    <Button
      color="secondary"
      disabled={false}
      onClick={[Function]}
      outline={true}
      tag="button"
    >
      Intents
    </Button>
    <Button
      color="secondary"
      disabled={false}
      onClick={[Function]}
      outline={true}
      tag="button"
    >
      Slots
    </Button>
  </ButtonGroup>
  <div
    className={null}
  >
    <div
      className="d-flex justify-content-between"
    >
      <label>
        Select Intent
      </label>
      <PlatformTooltip
        field="Intent handlers"
        platform="alexa"
      />
    </div>
    <div
      className="super-center flex-hard"
    >
      <StateManager
        className="select-box mb-1"
        classNamePrefix="select-box"
        components={
          Object {
            "Option": [Function],
            "SingleValue": [Function],
          }
        }
        defaultInputValue=""
        defaultMenuIsOpen={false}
        defaultValue={null}
        onChange={[Function]}
        options={
          Array [
            Object {
              "built_in": undefined,
              "inputs": Array [],
              "key": "M5s3gMETzsul",
              "label": "intent_one",
              "value": "intent_one",
            },
            Object {
              "built_in": true,
              "inputs": Array [],
              "key": "AMAZON.CancelIntent",
              "label": "CancelIntent",
              "value": "AMAZON.CancelIntent",
            },
          ]
        }
        placeholder="Select Intent"
        styles={
          Object {
            "singleValue": [Function],
          }
        }
        value={null}
      />
    </div>
  </div>
</Fragment>
`;
