// Jest Snapshot v1, https://goo.gl/fbAQLP

exports[`Title renders heading 1`] = `
<Title
  as="h1"
>
  heading
</Title>
`;

exports[`Title renders label 1`] = `
<Title
  as="h4"
  variant="label"
>
  label
</Title>
`;

exports[`Title renders subheading 1`] = `
<Title
  as="h2"
  variant="subheading"
>
  subheading
</Title>
`;

exports[`Title renders subtitle 1`] = `
<Title
  as="h3"
  variant="subtitle"
>
  subtitle
</Title>
`;
