// Jest Snapshot v1, https://goo.gl/fbAQLP

exports[`Voice Card Test render empty card 1`] = `
ShallowWrapper {
  Symbol(enzyme.__root__): [Circular],
  Symbol(enzyme.__unrendered__): <VoiceCards />,
  Symbol(enzyme.__renderer__): Object {
    "batchedUpdates": [Function],
    "checkPropTypes": [Function],
    "getNode": [Function],
    "render": [Function],
    "simulateError": [Function],
    "simulateEvent": [Function],
    "unmount": [Function],
  },
  Symbol(enzyme.__node__): Object {
    "instance": null,
    "key": undefined,
    "nodeType": "host",
    "props": Object {
      "children": <Card
        onClick={[Function]}
        tag="div"
      >
        <div
          className="product-image"
          style={Object {}}
        >
          <div
            className="overlay"
          >
            <div
              className="elispie"
              onMouseLeave={[Function]}
              onMouseOver={[Function]}
            >
              <Dropdown
                active={false}
                addonType={false}
                direction="down"
                inNavbar={false}
                isOpen={false}
                nav={false}
                setActiveFromChild={false}
                toggle={[Function]}
              >
                <DropdownToggle
                  aria-haspopup={true}
                  className="elispie-button"
                  color="secondary"
                  tag="div"
                >
                  <i
                    className="far fa-ellipsis-h"
                  />
                </DropdownToggle>
                <DropdownMenu
                  flip={true}
                  right={true}
                  tag="div"
                >
                  <DropdownItem
                    onClick={[Function]}
                    tag="button"
                    toggle={true}
                  />
                </DropdownMenu>
              </Dropdown>
            </div>
            <div
              className="edit-button"
              style={
                Object {
                  "color": "#fff",
                }
              }
            />
          </div>
        </div>
        <CardBody
          tag="div"
        >
          <div
            className="product-body"
          >
            <p
              className="product-title mb-1"
            />
          </div>
        </CardBody>
      </Card>,
      "className": "product-card",
    },
    "ref": null,
    "rendered": Object {
      "instance": null,
      "key": undefined,
      "nodeType": "function",
      "props": Object {
        "children": Array [
          <div
            className="product-image"
            style={Object {}}
          >
            <div
              className="overlay"
            >
              <div
                className="elispie"
                onMouseLeave={[Function]}
                onMouseOver={[Function]}
              >
                <Dropdown
                  active={false}
                  addonType={false}
                  direction="down"
                  inNavbar={false}
                  isOpen={false}
                  nav={false}
                  setActiveFromChild={false}
                  toggle={[Function]}
                >
                  <DropdownToggle
                    aria-haspopup={true}
                    className="elispie-button"
                    color="secondary"
                    tag="div"
                  >
                    <i
                      className="far fa-ellipsis-h"
                    />
                  </DropdownToggle>
                  <DropdownMenu
                    flip={true}
                    right={true}
                    tag="div"
                  >
                    <DropdownItem
                      onClick={[Function]}
                      tag="button"
                      toggle={true}
                    />
                  </DropdownMenu>
                </Dropdown>
              </div>
              <div
                className="edit-button"
                style={
                  Object {
                    "color": "#fff",
                  }
                }
              />
            </div>
          </div>,
          <CardBody
            tag="div"
          >
            <div
              className="product-body"
            >
              <p
                className="product-title mb-1"
              />
            </div>
          </CardBody>,
        ],
        "onClick": [Function],
        "tag": "div",
      },
      "ref": null,
      "rendered": Array [
        Object {
          "instance": null,
          "key": undefined,
          "nodeType": "host",
          "props": Object {
            "children": Array [
              <div
                className="overlay"
              >
                <div
                  className="elispie"
                  onMouseLeave={[Function]}
                  onMouseOver={[Function]}
                >
                  <Dropdown
                    active={false}
                    addonType={false}
                    direction="down"
                    inNavbar={false}
                    isOpen={false}
                    nav={false}
                    setActiveFromChild={false}
                    toggle={[Function]}
                  >
                    <DropdownToggle
                      aria-haspopup={true}
                      className="elispie-button"
                      color="secondary"
                      tag="div"
                    >
                      <i
                        className="far fa-ellipsis-h"
                      />
                    </DropdownToggle>
                    <DropdownMenu
                      flip={true}
                      right={true}
                      tag="div"
                    >
                      <DropdownItem
                        onClick={[Function]}
                        tag="button"
                        toggle={true}
                      />
                    </DropdownMenu>
                  </Dropdown>
                </div>
                <div
                  className="edit-button"
                  style={
                    Object {
                      "color": "#fff",
                    }
                  }
                />
              </div>,
              undefined,
            ],
            "className": "product-image",
            "style": Object {},
          },
          "ref": null,
          "rendered": Array [
            Object {
              "instance": null,
              "key": undefined,
              "nodeType": "host",
              "props": Object {
                "children": Array [
                  <div
                    className="elispie"
                    onMouseLeave={[Function]}
                    onMouseOver={[Function]}
                  >
                    <Dropdown
                      active={false}
                      addonType={false}
                      direction="down"
                      inNavbar={false}
                      isOpen={false}
                      nav={false}
                      setActiveFromChild={false}
                      toggle={[Function]}
                    >
                      <DropdownToggle
                        aria-haspopup={true}
                        className="elispie-button"
                        color="secondary"
                        tag="div"
                      >
                        <i
                          className="far fa-ellipsis-h"
                        />
                      </DropdownToggle>
                      <DropdownMenu
                        flip={true}
                        right={true}
                        tag="div"
                      >
                        <DropdownItem
                          onClick={[Function]}
                          tag="button"
                          toggle={true}
                        />
                      </DropdownMenu>
                    </Dropdown>
                  </div>,
                  <div
                    className="edit-button"
                    style={
                      Object {
                        "color": "#fff",
                      }
                    }
                  />,
                ],
                "className": "overlay",
              },
              "ref": null,
              "rendered": Array [
                Object {
                  "instance": null,
                  "key": undefined,
                  "nodeType": "host",
                  "props": Object {
                    "children": <Dropdown
                      active={false}
                      addonType={false}
                      direction="down"
                      inNavbar={false}
                      isOpen={false}
                      nav={false}
                      setActiveFromChild={false}
                      toggle={[Function]}
                    >
                      <DropdownToggle
                        aria-haspopup={true}
                        className="elispie-button"
                        color="secondary"
                        tag="div"
                      >
                        <i
                          className="far fa-ellipsis-h"
                        />
                      </DropdownToggle>
                      <DropdownMenu
                        flip={true}
                        right={true}
                        tag="div"
                      >
                        <DropdownItem
                          onClick={[Function]}
                          tag="button"
                          toggle={true}
                        />
                      </DropdownMenu>
                    </Dropdown>,
                    "className": "elispie",
                    "onMouseLeave": [Function],
                    "onMouseOver": [Function],
                  },
                  "ref": null,
                  "rendered": Object {
                    "instance": null,
                    "key": undefined,
                    "nodeType": "class",
                    "props": Object {
                      "active": false,
                      "addonType": false,
                      "children": Array [
                        <DropdownToggle
                          aria-haspopup={true}
                          className="elispie-button"
                          color="secondary"
                          tag="div"
                        >
                          <i
                            className="far fa-ellipsis-h"
                          />
                        </DropdownToggle>,
                        <DropdownMenu
                          flip={true}
                          right={true}
                          tag="div"
                        >
                          <DropdownItem
                            onClick={[Function]}
                            tag="button"
                            toggle={true}
                          />
                        </DropdownMenu>,
                      ],
                      "direction": "down",
                      "inNavbar": false,
                      "isOpen": false,
                      "nav": false,
                      "setActiveFromChild": false,
                      "toggle": [Function],
                    },
                    "ref": null,
                    "rendered": Array [
                      Object {
                        "instance": null,
                        "key": undefined,
                        "nodeType": "class",
                        "props": Object {
                          "aria-haspopup": true,
                          "children": <i
                            className="far fa-ellipsis-h"
                          />,
                          "className": "elispie-button",
                          "color": "secondary",
                          "tag": "div",
                        },
                        "ref": null,
                        "rendered": Object {
                          "instance": null,
                          "key": undefined,
                          "nodeType": "host",
                          "props": Object {
                            "className": "far fa-ellipsis-h",
                          },
                          "ref": null,
                          "rendered": null,
                          "type": "i",
                        },
                        "type": [Function],
                      },
                      Object {
                        "instance": null,
                        "key": undefined,
                        "nodeType": "function",
                        "props": Object {
                          "children": Array [
                            undefined,
                            <DropdownItem
                              onClick={[Function]}
                              tag="button"
                              toggle={true}
                            />,
                          ],
                          "flip": true,
                          "right": true,
                          "tag": "div",
                        },
                        "ref": null,
                        "rendered": Array [
                          undefined,
                          Object {
                            "instance": null,
                            "key": undefined,
                            "nodeType": "class",
                            "props": Object {
                              "children": undefined,
                              "onClick": [Function],
                              "tag": "button",
                              "toggle": true,
                            },
                            "ref": null,
                            "rendered": null,
                            "type": [Function],
                          },
                        ],
                        "type": [Function],
                      },
                    ],
                    "type": [Function],
                  },
                  "type": "div",
                },
                Object {
                  "instance": null,
                  "key": undefined,
                  "nodeType": "host",
                  "props": Object {
                    "children": undefined,
                    "className": "edit-button",
                    "style": Object {
                      "color": "#fff",
                    },
                  },
                  "ref": null,
                  "rendered": null,
                  "type": "div",
                },
              ],
              "type": "div",
            },
            undefined,
          ],
          "type": "div",
        },
        Object {
          "instance": null,
          "key": undefined,
          "nodeType": "function",
          "props": Object {
            "children": <div
              className="product-body"
            >
              <p
                className="product-title mb-1"
              />
            </div>,
            "tag": "div",
          },
          "ref": null,
          "rendered": Object {
            "instance": null,
            "key": undefined,
            "nodeType": "host",
            "props": Object {
              "children": Array [
                <p
                  className="product-title mb-1"
                />,
                false,
              ],
              "className": "product-body",
            },
            "ref": null,
            "rendered": Array [
              Object {
                "instance": null,
                "key": undefined,
                "nodeType": "host",
                "props": Object {
                  "children": undefined,
                  "className": "product-title mb-1",
                },
                "ref": null,
                "rendered": null,
                "type": "p",
              },
              false,
            ],
            "type": "div",
          },
          "type": [Function],
        },
      ],
      "type": [Function],
    },
    "type": "div",
  },
  Symbol(enzyme.__nodes__): Array [
    Object {
      "instance": null,
      "key": undefined,
      "nodeType": "host",
      "props": Object {
        "children": <Card
          onClick={[Function]}
          tag="div"
        >
          <div
            className="product-image"
            style={Object {}}
          >
            <div
              className="overlay"
            >
              <div
                className="elispie"
                onMouseLeave={[Function]}
                onMouseOver={[Function]}
              >
                <Dropdown
                  active={false}
                  addonType={false}
                  direction="down"
                  inNavbar={false}
                  isOpen={false}
                  nav={false}
                  setActiveFromChild={false}
                  toggle={[Function]}
                >
                  <DropdownToggle
                    aria-haspopup={true}
                    className="elispie-button"
                    color="secondary"
                    tag="div"
                  >
                    <i
                      className="far fa-ellipsis-h"
                    />
                  </DropdownToggle>
                  <DropdownMenu
                    flip={true}
                    right={true}
                    tag="div"
                  >
                    <DropdownItem
                      onClick={[Function]}
                      tag="button"
                      toggle={true}
                    />
                  </DropdownMenu>
                </Dropdown>
              </div>
              <div
                className="edit-button"
                style={
                  Object {
                    "color": "#fff",
                  }
                }
              />
            </div>
          </div>
          <CardBody
            tag="div"
          >
            <div
              className="product-body"
            >
              <p
                className="product-title mb-1"
              />
            </div>
          </CardBody>
        </Card>,
        "className": "product-card",
      },
      "ref": null,
      "rendered": Object {
        "instance": null,
        "key": undefined,
        "nodeType": "function",
        "props": Object {
          "children": Array [
            <div
              className="product-image"
              style={Object {}}
            >
              <div
                className="overlay"
              >
                <div
                  className="elispie"
                  onMouseLeave={[Function]}
                  onMouseOver={[Function]}
                >
                  <Dropdown
                    active={false}
                    addonType={false}
                    direction="down"
                    inNavbar={false}
                    isOpen={false}
                    nav={false}
                    setActiveFromChild={false}
                    toggle={[Function]}
                  >
                    <DropdownToggle
                      aria-haspopup={true}
                      className="elispie-button"
                      color="secondary"
                      tag="div"
                    >
                      <i
                        className="far fa-ellipsis-h"
                      />
                    </DropdownToggle>
                    <DropdownMenu
                      flip={true}
                      right={true}
                      tag="div"
                    >
                      <DropdownItem
                        onClick={[Function]}
                        tag="button"
                        toggle={true}
                      />
                    </DropdownMenu>
                  </Dropdown>
                </div>
                <div
                  className="edit-button"
                  style={
                    Object {
                      "color": "#fff",
                    }
                  }
                />
              </div>
            </div>,
            <CardBody
              tag="div"
            >
              <div
                className="product-body"
              >
                <p
                  className="product-title mb-1"
                />
              </div>
            </CardBody>,
          ],
          "onClick": [Function],
          "tag": "div",
        },
        "ref": null,
        "rendered": Array [
          Object {
            "instance": null,
            "key": undefined,
            "nodeType": "host",
            "props": Object {
              "children": Array [
                <div
                  className="overlay"
                >
                  <div
                    className="elispie"
                    onMouseLeave={[Function]}
                    onMouseOver={[Function]}
                  >
                    <Dropdown
                      active={false}
                      addonType={false}
                      direction="down"
                      inNavbar={false}
                      isOpen={false}
                      nav={false}
                      setActiveFromChild={false}
                      toggle={[Function]}
                    >
                      <DropdownToggle
                        aria-haspopup={true}
                        className="elispie-button"
                        color="secondary"
                        tag="div"
                      >
                        <i
                          className="far fa-ellipsis-h"
                        />
                      </DropdownToggle>
                      <DropdownMenu
                        flip={true}
                        right={true}
                        tag="div"
                      >
                        <DropdownItem
                          onClick={[Function]}
                          tag="button"
                          toggle={true}
                        />
                      </DropdownMenu>
                    </Dropdown>
                  </div>
                  <div
                    className="edit-button"
                    style={
                      Object {
                        "color": "#fff",
                      }
                    }
                  />
                </div>,
                undefined,
              ],
              "className": "product-image",
              "style": Object {},
            },
            "ref": null,
            "rendered": Array [
              Object {
                "instance": null,
                "key": undefined,
                "nodeType": "host",
                "props": Object {
                  "children": Array [
                    <div
                      className="elispie"
                      onMouseLeave={[Function]}
                      onMouseOver={[Function]}
                    >
                      <Dropdown
                        active={false}
                        addonType={false}
                        direction="down"
                        inNavbar={false}
                        isOpen={false}
                        nav={false}
                        setActiveFromChild={false}
                        toggle={[Function]}
                      >
                        <DropdownToggle
                          aria-haspopup={true}
                          className="elispie-button"
                          color="secondary"
                          tag="div"
                        >
                          <i
                            className="far fa-ellipsis-h"
                          />
                        </DropdownToggle>
                        <DropdownMenu
                          flip={true}
                          right={true}
                          tag="div"
                        >
                          <DropdownItem
                            onClick={[Function]}
                            tag="button"
                            toggle={true}
                          />
                        </DropdownMenu>
                      </Dropdown>
                    </div>,
                    <div
                      className="edit-button"
                      style={
                        Object {
                          "color": "#fff",
                        }
                      }
                    />,
                  ],
                  "className": "overlay",
                },
                "ref": null,
                "rendered": Array [
                  Object {
                    "instance": null,
                    "key": undefined,
                    "nodeType": "host",
                    "props": Object {
                      "children": <Dropdown
                        active={false}
                        addonType={false}
                        direction="down"
                        inNavbar={false}
                        isOpen={false}
                        nav={false}
                        setActiveFromChild={false}
                        toggle={[Function]}
                      >
                        <DropdownToggle
                          aria-haspopup={true}
                          className="elispie-button"
                          color="secondary"
                          tag="div"
                        >
                          <i
                            className="far fa-ellipsis-h"
                          />
                        </DropdownToggle>
                        <DropdownMenu
                          flip={true}
                          right={true}
                          tag="div"
                        >
                          <DropdownItem
                            onClick={[Function]}
                            tag="button"
                            toggle={true}
                          />
                        </DropdownMenu>
                      </Dropdown>,
                      "className": "elispie",
                      "onMouseLeave": [Function],
                      "onMouseOver": [Function],
                    },
                    "ref": null,
                    "rendered": Object {
                      "instance": null,
                      "key": undefined,
                      "nodeType": "class",
                      "props": Object {
                        "active": false,
                        "addonType": false,
                        "children": Array [
                          <DropdownToggle
                            aria-haspopup={true}
                            className="elispie-button"
                            color="secondary"
                            tag="div"
                          >
                            <i
                              className="far fa-ellipsis-h"
                            />
                          </DropdownToggle>,
                          <DropdownMenu
                            flip={true}
                            right={true}
                            tag="div"
                          >
                            <DropdownItem
                              onClick={[Function]}
                              tag="button"
                              toggle={true}
                            />
                          </DropdownMenu>,
                        ],
                        "direction": "down",
                        "inNavbar": false,
                        "isOpen": false,
                        "nav": false,
                        "setActiveFromChild": false,
                        "toggle": [Function],
                      },
                      "ref": null,
                      "rendered": Array [
                        Object {
                          "instance": null,
                          "key": undefined,
                          "nodeType": "class",
                          "props": Object {
                            "aria-haspopup": true,
                            "children": <i
                              className="far fa-ellipsis-h"
                            />,
                            "className": "elispie-button",
                            "color": "secondary",
                            "tag": "div",
                          },
                          "ref": null,
                          "rendered": Object {
                            "instance": null,
                            "key": undefined,
                            "nodeType": "host",
                            "props": Object {
                              "className": "far fa-ellipsis-h",
                            },
                            "ref": null,
                            "rendered": null,
                            "type": "i",
                          },
                          "type": [Function],
                        },
                        Object {
                          "instance": null,
                          "key": undefined,
                          "nodeType": "function",
                          "props": Object {
                            "children": Array [
                              undefined,
                              <DropdownItem
                                onClick={[Function]}
                                tag="button"
                                toggle={true}
                              />,
                            ],
                            "flip": true,
                            "right": true,
                            "tag": "div",
                          },
                          "ref": null,
                          "rendered": Array [
                            undefined,
                            Object {
                              "instance": null,
                              "key": undefined,
                              "nodeType": "class",
                              "props": Object {
                                "children": undefined,
                                "onClick": [Function],
                                "tag": "button",
                                "toggle": true,
                              },
                              "ref": null,
                              "rendered": null,
                              "type": [Function],
                            },
                          ],
                          "type": [Function],
                        },
                      ],
                      "type": [Function],
                    },
                    "type": "div",
                  },
                  Object {
                    "instance": null,
                    "key": undefined,
                    "nodeType": "host",
                    "props": Object {
                      "children": undefined,
                      "className": "edit-button",
                      "style": Object {
                        "color": "#fff",
                      },
                    },
                    "ref": null,
                    "rendered": null,
                    "type": "div",
                  },
                ],
                "type": "div",
              },
              undefined,
            ],
            "type": "div",
          },
          Object {
            "instance": null,
            "key": undefined,
            "nodeType": "function",
            "props": Object {
              "children": <div
                className="product-body"
              >
                <p
                  className="product-title mb-1"
                />
              </div>,
              "tag": "div",
            },
            "ref": null,
            "rendered": Object {
              "instance": null,
              "key": undefined,
              "nodeType": "host",
              "props": Object {
                "children": Array [
                  <p
                    className="product-title mb-1"
                  />,
                  false,
                ],
                "className": "product-body",
              },
              "ref": null,
              "rendered": Array [
                Object {
                  "instance": null,
                  "key": undefined,
                  "nodeType": "host",
                  "props": Object {
                    "children": undefined,
                    "className": "product-title mb-1",
                  },
                  "ref": null,
                  "rendered": null,
                  "type": "p",
                },
                false,
              ],
              "type": "div",
            },
            "type": [Function],
          },
        ],
        "type": [Function],
      },
      "type": "div",
    },
  ],
  Symbol(enzyme.__options__): Object {
    "adapter": ReactSixteenAdapter {
      "options": Object {
        "enableComponentDidUpdateOnSetState": true,
        "legacyContextMode": "parent",
        "lifecycles": Object {
          "componentDidUpdate": Object {
            "onSetState": true,
          },
          "getChildContext": Object {
            "calledByRenderer": false,
          },
          "getDerivedStateFromProps": true,
          "getSnapshotBeforeUpdate": true,
          "setState": Object {
            "skipsComponentDidUpdateOnNullish": true,
          },
        },
      },
    },
  },
}
`;
