// Jest Snapshot v1, https://goo.gl/fbAQLP

exports[`ActionGroup render action group/top nav bar 1`] = `
<Fragment>
  <Modal
    autoFocus={true}
    backdrop={true}
    backdropTransition={
      Object {
        "mountOnEnter": true,
        "timeout": 150,
      }
    }
    centered={false}
    className="stage_modal"
    fade={true}
    isOpen={false}
    keyboard={true}
    modalTransition={
      Object {
        "timeout": 300,
      }
    }
    onClosed={[Function]}
    onOpened={[Function]}
    role="dialog"
    size="lg"
    toggle={[Function]}
    zIndex={1050}
  >
    <ModalHeader
      className="pb-0 mb--4"
      header="Upload Project"
      toggle={[Function]}
    />
    <ModalBody
      className="modal-info"
      style={
        Object {
          "padding": "0rem 2rem",
        }
      }
      tag="div"
    >
      <div>
        <div>
          <img
            alt="Upload"
            className="modal-img mb-3 mx-auto"
            src="/upload.svg"
          />
          <div
            className="modal-bg-txt text-center mt-2"
          >
             Upload your Skill for testing
          </div>
          <div
            className="modal-txt text-center mt-2"
          >
            Updating to Alexa will allow you to test on your Alexa device or the Alexa Developer Console
          </div>
          <div
            className="super-center mb-3 mt-3"
          >
            <Button
              iconPosition="right"
              isPrimary={true}
              onClick={[Function]}
              onRef={[Function]}
              trackEvent="Button Click"
            >
              Continue
            </Button>
          </div>
        </div>
      </div>
    </ModalBody>
  </Modal>
  <Modal
    autoFocus={true}
    backdrop={true}
    backdropTransition={
      Object {
        "mountOnEnter": true,
        "timeout": 150,
      }
    }
    centered={false}
    className="stage_modal"
    fade={true}
    isOpen={false}
    keyboard={true}
    modalTransition={
      Object {
        "timeout": 300,
      }
    }
    onClosed={[Function]}
    onOpened={[Function]}
    role="dialog"
    toggle={[Function]}
    zIndex={1050}
  >
    <ModalHeader
      header="Update Live Version"
      toggle={[Function]}
    />
    <ModalBody
      className="modal-info"
      tag="div"
    >
      <div>
        <img
          alt="Upload"
          className="modal-img-small mb-4 mt-3 mx-auto"
          src="/live.svg"
        />
        <div
          className="modal-bg-txt text-center mt-2"
        >
           Confirm Live Update
        </div>
        <div
          className="modal-txt text-center mt-2 mb-3"
        >
          This update will affect the live version of your project. Please be sure you wish to do this.
        </div>
        <Button
          className="mb-3"
          iconPosition="right"
          isPrimary={true}
          onClick={[Function]}
          onRef={[Function]}
          trackEvent="Button Click"
        >
          Confirm Update
        </Button>
      </div>
    </ModalBody>
  </Modal>
  <Modal
    autoFocus={true}
    backdrop={true}
    backdropTransition={
      Object {
        "mountOnEnter": true,
        "timeout": 150,
      }
    }
    centered={false}
    className="ag__settings_modal"
    fade={true}
    isOpen={false}
    keyboard={true}
    modalTransition={
      Object {
        "timeout": 300,
      }
    }
    onClosed={[Function]}
    onOpened={[Function]}
    role="dialog"
    toggle={[Function]}
    zIndex={1050}
  >
    <div
      className="ag__settings_header"
    >
      <ModalHeader
        className="pb-2"
        header="Project Settings"
        toggle={[Function]}
      />
    </div>
    <Connect(Settings)
      platform="alexa"
      showSettings={
        Object {
          "show": false,
          "tag": "basic",
        }
      }
      skill={
        Object {
          "account_linking": null,
          "alexa_events": null,
          "amzn_id": null,
          "created": "2019-02-15T22:25:56.687Z",
          "diagram": "e9f52b0622f08ff1b21137bae05a242b",
          "error_prompt": null,
          "fulfillment": Object {},
          "global": Array [
            "sessions",
            "user_id",
            "timestamp",
            "platform",
            "locale",
            "access_token",
          ],
          "google_publish_info": Object {},
          "intents": Array [
            Object {
              "inputs": Array [],
              "key": "M5s3gMETzsul",
              "name": "intent_one",
              "open": true,
            },
          ],
          "inv_name": "Test Skill",
          "last_save": "2019-02-15T22:25:57.304Z",
          "live": false,
          "locales": Array [
            "en-US",
          ],
          "name": "Test Skill",
          "platform": "alexa",
          "preview": false,
          "repeat": 100,
          "restart": true,
          "resume_prompt": null,
          "review": false,
          "skill_id": "L8mr69wm4K",
          "slots": Array [],
        }
      }
      tag="basic"
      user={
        Object {
          "email": "jdoe@gmail.com",
          "id": 1,
          "image": "26A69A|EBF7F5",
          "name": "John Doe",
        }
      }
    />
  </Modal>
  <div
    className="title-group-sub"
  >
    <Tooltip
      animateFill={true}
      animation="shift"
      arrow={false}
      arrowSize="regular"
      className=""
      delay={0}
      disabled={false}
      distance={10}
      duration={375}
      followCursor={false}
      hideDelay={0}
      hideDuration={375}
      hideOnClick={true}
      html={null}
      inertia={false}
      interactive={false}
      interactiveBorder={2}
      multiple={false}
      offset={0}
      onHidden={[Function]}
      onHide={[Function]}
      onRequestClose={[Function]}
      onShow={[Function]}
      onShown={[Function]}
      popperOptions={Object {}}
      position="bottom"
      size="regular"
      sticky={false}
      stickyDuration={200}
      style={Object {}}
      theme="dark"
      title="Settings"
      touchHold={false}
      trigger="mouseenter focus"
      unmountHTMLWhenHide={false}
    >
      <RoundButton
        active={false}
        disabled={false}
        icon="cog.svg"
        imgSize={15}
        onClick={[Function]}
        size={42}
        type="plain"
      />
    </Tooltip>
  </div>
  <div
    className="title-group-sub"
  >
    <Connect(TestingHeader)
      render={true}
    />
  </div>
  <UploadButton
    isUploadLoading={[Function]}
    openUpdate={[Function]}
    openUpdateLive={[Function]}
    platform="alexa"
    show_upload_prompt={false}
    toggleVendors={[Function]}
    toggle_upload_prompt={[Function]}
  />
</Fragment>
`;
