// Jest Snapshot v1, https://goo.gl/fbAQLP

exports[`Canvas render canvas 1`] = `
<Fragment>
  <Prompt
    message={[Function]}
  />
  <DefaultModal
    content={
      <MultiPlatformModalContent
        toggle={[Function]}
      />
    }
    header="Multi Platform Development"
    hideFooter={true}
    noPadding={true}
    open={false}
    toggle={[Function]}
  />
  <DefaultModal
    content={<ShortCuts />}
    header="Keyboard Shortcuts"
    toggle={[Function]}
  />
  <HelpModal
    help={null}
    open={false}
    setHelp={[Function]}
    toggle={[Function]}
  />
  <Connect(ActionGroup)
    lastSave="Save"
    onSave={[Function]}
    onTest={[Function]}
    renderPlatformSwitch={[Function]}
    saved={true}
    saving={false}
    setCB={[Function]}
    updateLinter={[Function]}
  />
  <div
    id="canvas"
    onMouseDown={[Function]}
    onMouseMove={[Function]}
    onMouseUp={[Function]}
  >
    <Connect(Menu)
      copyFlow={[Function]}
      deleteFlow={[Function]}
      enterFlow={[Function]}
      openTab={[Function]}
      type_counter={Object {}}
      unfocus={[Function]}
    />
    <Spinner
      name="Flow"
    />
    <Connect(withStateHandlers(withStateHandlers(Editor)))
      appendCombineNode={[Function]}
      close={[Function]}
      copyNode={[Function]}
      createDiagram={[Function]}
      diagramEngine={
        DiagramEngine {
          "canvas": null,
          "combineCanvas": null,
          "diagramModel": DiagramModel {
            "gridSize": 0,
            "id": undefined,
            "links": Object {},
            "listeners": Object {},
            "locked": false,
            "nodes": Object {},
            "offsetX": 0,
            "offsetY": 0,
            "rendered": false,
            "zoom": 100,
          },
          "id": undefined,
          "labelFactories": Object {
            "default": DefaultLabelFactory {
              "type": "default",
            },
          },
          "linkFactories": Object {
            "default": BlockLinkFactory {
              "color": null,
              "extras": Object {},
              "hidden": false,
              "id": undefined,
              "labels": Array [],
              "listeners": Object {},
              "locked": false,
              "points": null,
              "preview": undefined,
              "selected": false,
              "sourcePort": null,
              "targetPort": null,
              "type": "default",
              "width": null,
            },
          },
          "linksThatHaveInitiallyRendered": Object {},
          "listeners": Object {},
          "locked": false,
          "moving": false,
          "nodeFactories": Object {
            "default": BlockNodeFactory {
              "id": undefined,
              "listeners": Object {},
              "locked": false,
              "selected": false,
              "type": "default",
            },
          },
          "paintableWidgets": null,
          "portFactories": Object {
            "default": BlockPortFactory {
              "type": "default",
            },
          },
          "superSelect": null,
        }
      }
      diagram_level_intents={
        Object {
          "alexa": Set {},
          "google": Set {},
        }
      }
      enterFlow={[Function]}
      finished={[Function]}
      node={null}
      onUpdate={[Function]}
      removeCombineNode={[Function]}
      removeNode={[Function]}
      repaint={[Function]}
      setCanvasEvents={[Function]}
      setHelp={[Function]}
      unfocus={[Function]}
      updateLinter={[Function]}
    />
    <div
      className=""
      id="diagram"
      onContextMenu={[Function]}
      onDragOver={[Function]}
      onDrop={[Function]}
      onMouseLeave={[Function]}
    >
      <div
        className="canvas-warnings"
      >
        <CSSTransitionGroup
          transitionAppear={false}
          transitionEnter={true}
          transitionEnterTimeout={500}
          transitionLeave={true}
          transitionLeaveTimeout={300}
          transitionName="fade"
        />
      </div>
      <WidgetBar
        engine={
          DiagramEngine {
            "canvas": null,
            "combineCanvas": null,
            "diagramModel": DiagramModel {
              "gridSize": 0,
              "id": undefined,
              "links": Object {},
              "listeners": Object {},
              "locked": false,
              "nodes": Object {},
              "offsetX": 0,
              "offsetY": 0,
              "rendered": false,
              "zoom": 100,
            },
            "id": undefined,
            "labelFactories": Object {
              "default": DefaultLabelFactory {
                "type": "default",
              },
            },
            "linkFactories": Object {
              "default": BlockLinkFactory {
                "color": null,
                "extras": Object {},
                "hidden": false,
                "id": undefined,
                "labels": Array [],
                "listeners": Object {},
                "locked": false,
                "points": null,
                "preview": undefined,
                "selected": false,
                "sourcePort": null,
                "targetPort": null,
                "type": "default",
                "width": null,
              },
            },
            "linksThatHaveInitiallyRendered": Object {},
            "listeners": Object {},
            "locked": false,
            "moving": false,
            "nodeFactories": Object {
              "default": BlockNodeFactory {
                "id": undefined,
                "listeners": Object {},
                "locked": false,
                "selected": false,
                "type": "default",
              },
            },
            "paintableWidgets": null,
            "portFactories": Object {
              "default": BlockPortFactory {
                "type": "default",
              },
            },
            "superSelect": null,
          }
        }
        update={[Function]}
      />
      <DiagramWidget
        allowCanvasTranslation={true}
        allowCanvasZoom={true}
        allowLooseLinks={false}
        deleteKeys={
          Array [
            46,
            8,
          ]
        }
        diagramEngine={
          DiagramEngine {
            "canvas": null,
            "combineCanvas": null,
            "diagramModel": DiagramModel {
              "gridSize": 0,
              "id": undefined,
              "links": Object {},
              "listeners": Object {},
              "locked": false,
              "nodes": Object {},
              "offsetX": 0,
              "offsetY": 0,
              "rendered": false,
              "zoom": 100,
            },
            "id": undefined,
            "labelFactories": Object {
              "default": DefaultLabelFactory {
                "type": "default",
              },
            },
            "linkFactories": Object {
              "default": BlockLinkFactory {
                "color": null,
                "extras": Object {},
                "hidden": false,
                "id": undefined,
                "labels": Array [],
                "listeners": Object {},
                "locked": false,
                "points": null,
                "preview": undefined,
                "selected": false,
                "sourcePort": null,
                "targetPort": null,
                "type": "default",
                "width": null,
              },
            },
            "linksThatHaveInitiallyRendered": Object {},
            "listeners": Object {},
            "locked": false,
            "moving": false,
            "nodeFactories": Object {
              "default": BlockNodeFactory {
                "id": undefined,
                "listeners": Object {},
                "locked": false,
                "selected": false,
                "type": "default",
              },
            },
            "paintableWidgets": null,
            "portFactories": Object {
              "default": BlockPortFactory {
                "type": "default",
              },
            },
            "superSelect": null,
          }
        }
        forceRepaint={[Function]}
        inverseZoom={false}
        maxNumberPointsPerLink={Infinity}
        nodeProps={
          Object {
            "addCombineNode": [Function],
            "diagram": undefined,
            "disabled": false,
            "enterFlow": [Function],
            "generateBlockMenu": [Function],
            "hasFlow": [Function],
            "removeCombineNode": [Function],
            "removeNode": [Function],
            "setBlockMenu": undefined,
            "setCanvasError": undefined,
          }
        }
        onDeleteIntentNode={[Function]}
        platform="alexa"
        removeHandler={[Function]}
        smartRouting={false}
      />
    </div>
  </div>
</Fragment>
`;
