// Jest Snapshot v1, https://goo.gl/fbAQLP

exports[`HelpModal render help modal 1`] = `
<Modal
  autoFocus={true}
  backdrop={true}
  backdropTransition={
    Object {
      "mountOnEnter": true,
      "timeout": 150,
    }
  }
  centered={false}
  fade={true}
  isOpen={false}
  keyboard={true}
  modalTransition={
    Object {
      "timeout": 300,
    }
  }
  onClosed={[Function]}
  onOpened={[Function]}
  role="dialog"
  zIndex={1050}
>
  <ModalHeader
    header="Blocks"
  />
  <ModalBody
    tag="div"
  >
    <WithStyles(Card)
      className="mb-1 MenuItem"
      key="0"
    >
      <WithStyles(CardActionArea)
        className="helpMenu MenuItem speak"
        onClick={[Function]}
      >
        <div
          className="MenuIcon"
        />
        <h5>
          speak
        </h5>
      </WithStyles(CardActionArea)>
    </WithStyles(Card)>
    <WithStyles(Card)
      className="mb-1 MenuItem"
      key="1"
    >
      <WithStyles(CardActionArea)
        className="helpMenu MenuItem audio"
        onClick={[Function]}
      >
        <div
          className="MenuIcon"
        >
          <i
            className="fas fa-volume-up"
          />
        </div>
        <h5>
          audio
        </h5>
      </WithStyles(CardActionArea)>
    </WithStyles(Card)>
    <WithStyles(Card)
      className="mb-1 MenuItem"
      key="2"
    >
      <WithStyles(CardActionArea)
        className="helpMenu MenuItem choice"
        onClick={[Function]}
      >
        <div
          className="MenuIcon"
        >
          <i
            className="fas fa-project-diagram"
          />
        </div>
        <h5>
          choice
        </h5>
      </WithStyles(CardActionArea)>
    </WithStyles(Card)>
    <WithStyles(Card)
      className="mb-1 MenuItem"
      key="3"
    >
      <WithStyles(CardActionArea)
        className="helpMenu MenuItem command"
        onClick={[Function]}
      >
        <div
          className="MenuIcon"
        >
          <i
            className="fas fa-exclamation"
          />
        </div>
        <h5>
          command
        </h5>
      </WithStyles(CardActionArea)>
    </WithStyles(Card)>
    <WithStyles(Card)
      className="mb-1 MenuItem"
      key="4"
    >
      <WithStyles(CardActionArea)
        className="helpMenu MenuItem random"
        onClick={[Function]}
      >
        <div
          className="MenuIcon"
        >
          <i
            className="fas fa-random"
          />
        </div>
        <h5>
          random
        </h5>
      </WithStyles(CardActionArea)>
    </WithStyles(Card)>
    <WithStyles(Card)
      className="mb-1 MenuItem"
      key="5"
    >
      <WithStyles(CardActionArea)
        className="helpMenu MenuItem variable"
        onClick={[Function]}
      >
        <div
          className="MenuIcon"
        >
          <i
            className="fas fa-code"
          />
        </div>
        <h5>
          variable
        </h5>
      </WithStyles(CardActionArea)>
    </WithStyles(Card)>
    <WithStyles(Card)
      className="mb-1 MenuItem"
      key="6"
    >
      <WithStyles(CardActionArea)
        className="helpMenu MenuItem if"
        onClick={[Function]}
      >
        <div
          className="MenuIcon"
        >
          <i
            className="fas fa-code-branch"
          />
        </div>
        <h5>
          if
        </h5>
      </WithStyles(CardActionArea)>
    </WithStyles(Card)>
    <WithStyles(Card)
      className="mb-1 MenuItem"
      key="7"
    >
      <WithStyles(CardActionArea)
        className="helpMenu MenuItem capture"
        onClick={[Function]}
      >
        <div
          className="MenuIcon"
        >
          <i
            className="fas fa-microphone"
          />
        </div>
        <h5>
          capture
        </h5>
      </WithStyles(CardActionArea)>
    </WithStyles(Card)>
    <WithStyles(Card)
      className="mb-1 MenuItem"
      key="8"
    >
      <WithStyles(CardActionArea)
        className="helpMenu MenuItem set"
        onClick={[Function]}
      >
        <div
          className="MenuIcon"
        >
          <i
            className="fas fa-code"
          />
        </div>
        <h5>
          set
        </h5>
      </WithStyles(CardActionArea)>
    </WithStyles(Card)>
  </ModalBody>
</Modal>
`;
