// Jest Snapshot v1, https://goo.gl/fbAQLP

exports[`HelpModal render help modal 1`] = `
ShallowWrapper {
  Symbol(enzyme.__root__): [Circular],
  Symbol(enzyme.__unrendered__): <HelpModal />,
  Symbol(enzyme.__renderer__): Object {
    "batchedUpdates": [Function],
    "checkPropTypes": [Function],
    "getNode": [Function],
    "render": [Function],
    "simulateError": [Function],
    "simulateEvent": [Function],
    "unmount": [Function],
  },
  Symbol(enzyme.__node__): Object {
    "instance": null,
    "key": undefined,
    "nodeType": "class",
    "props": Object {
      "autoFocus": true,
      "backdrop": true,
      "backdropTransition": Object {
        "mountOnEnter": true,
        "timeout": 150,
      },
      "centered": false,
      "children": Array [
        <ModalHeader
          charCode={215}
          closeAriaLabel="Close"
          tag="h5"
          wrapTag="div"
        >
          Blocks
        </ModalHeader>,
        <ModalBody
          tag="div"
        >
          <React.Fragment>
            <WithStyles(Card)
              className="mb-1 MenuItem"
            >
              <WithStyles(CardActionArea)
                className="helpMenu MenuItem speak"
                onClick={[Function]}
              >
                <div
                  className="MenuIcon"
                />
                <h5>
                  speak
                </h5>
              </WithStyles(CardActionArea)>
            </WithStyles(Card)>
            <WithStyles(Card)
              className="mb-1 MenuItem"
            >
              <WithStyles(CardActionArea)
                className="helpMenu MenuItem audio"
                onClick={[Function]}
              >
                <div
                  className="MenuIcon"
                >
                  <i
                    className="fas fa-volume-up"
                  />
                </div>
                <h5>
                  audio
                </h5>
              </WithStyles(CardActionArea)>
            </WithStyles(Card)>
            <WithStyles(Card)
              className="mb-1 MenuItem"
            >
              <WithStyles(CardActionArea)
                className="helpMenu MenuItem choice"
                onClick={[Function]}
              >
                <div
                  className="MenuIcon"
                >
                  <i
                    className="fas fa-project-diagram"
                  />
                </div>
                <h5>
                  choice
                </h5>
              </WithStyles(CardActionArea)>
            </WithStyles(Card)>
            <WithStyles(Card)
              className="mb-1 MenuItem"
            >
              <WithStyles(CardActionArea)
                className="helpMenu MenuItem command"
                onClick={[Function]}
              >
                <div
                  className="MenuIcon"
                >
                  <i
                    className="fas fa-exclamation"
                  />
                </div>
                <h5>
                  command
                </h5>
              </WithStyles(CardActionArea)>
            </WithStyles(Card)>
            <WithStyles(Card)
              className="mb-1 MenuItem"
            >
              <WithStyles(CardActionArea)
                className="helpMenu MenuItem random"
                onClick={[Function]}
              >
                <div
                  className="MenuIcon"
                >
                  <i
                    className="fas fa-random"
                  />
                </div>
                <h5>
                  random
                </h5>
              </WithStyles(CardActionArea)>
            </WithStyles(Card)>
            <WithStyles(Card)
              className="mb-1 MenuItem"
            >
              <WithStyles(CardActionArea)
                className="helpMenu MenuItem variable"
                onClick={[Function]}
              >
                <div
                  className="MenuIcon"
                >
                  <i
                    className="fas fa-code"
                  />
                </div>
                <h5>
                  variable
                </h5>
              </WithStyles(CardActionArea)>
            </WithStyles(Card)>
            <WithStyles(Card)
              className="mb-1 MenuItem"
            >
              <WithStyles(CardActionArea)
                className="helpMenu MenuItem if"
                onClick={[Function]}
              >
                <div
                  className="MenuIcon"
                >
                  <i
                    className="fas fa-code-branch"
                  />
                </div>
                <h5>
                  if
                </h5>
              </WithStyles(CardActionArea)>
            </WithStyles(Card)>
            <WithStyles(Card)
              className="mb-1 MenuItem"
            >
              <WithStyles(CardActionArea)
                className="helpMenu MenuItem capture"
                onClick={[Function]}
              >
                <div
                  className="MenuIcon"
                >
                  <i
                    className="fas fa-microphone"
                  />
                </div>
                <h5>
                  capture
                </h5>
              </WithStyles(CardActionArea)>
            </WithStyles(Card)>
            <WithStyles(Card)
              className="mb-1 MenuItem"
            >
              <WithStyles(CardActionArea)
                className="helpMenu MenuItem set"
                onClick={[Function]}
              >
                <div
                  className="MenuIcon"
                >
                  <i
                    className="fas fa-code"
                  />
                </div>
                <h5>
                  set
                </h5>
              </WithStyles(CardActionArea)>
            </WithStyles(Card)>
          </React.Fragment>
        </ModalBody>,
      ],
      "fade": true,
      "isOpen": false,
      "keyboard": true,
      "modalTransition": Object {
        "timeout": 300,
      },
      "onClosed": [Function],
      "onOpened": [Function],
      "role": "dialog",
      "toggle": undefined,
      "zIndex": 1050,
    },
    "ref": null,
    "rendered": Array [
      Object {
        "instance": null,
        "key": undefined,
        "nodeType": "function",
        "props": Object {
          "charCode": 215,
          "children": "Blocks",
          "closeAriaLabel": "Close",
          "tag": "h5",
          "toggle": undefined,
          "wrapTag": "div",
        },
        "ref": null,
        "rendered": "Blocks",
        "type": [Function],
      },
      Object {
        "instance": null,
        "key": undefined,
        "nodeType": "function",
        "props": Object {
          "children": <React.Fragment>
            <WithStyles(Card)
              className="mb-1 MenuItem"
            >
              <WithStyles(CardActionArea)
                className="helpMenu MenuItem speak"
                onClick={[Function]}
              >
                <div
                  className="MenuIcon"
                />
                <h5>
                  speak
                </h5>
              </WithStyles(CardActionArea)>
            </WithStyles(Card)>
            <WithStyles(Card)
              className="mb-1 MenuItem"
            >
              <WithStyles(CardActionArea)
                className="helpMenu MenuItem audio"
                onClick={[Function]}
              >
                <div
                  className="MenuIcon"
                >
                  <i
                    className="fas fa-volume-up"
                  />
                </div>
                <h5>
                  audio
                </h5>
              </WithStyles(CardActionArea)>
            </WithStyles(Card)>
            <WithStyles(Card)
              className="mb-1 MenuItem"
            >
              <WithStyles(CardActionArea)
                className="helpMenu MenuItem choice"
                onClick={[Function]}
              >
                <div
                  className="MenuIcon"
                >
                  <i
                    className="fas fa-project-diagram"
                  />
                </div>
                <h5>
                  choice
                </h5>
              </WithStyles(CardActionArea)>
            </WithStyles(Card)>
            <WithStyles(Card)
              className="mb-1 MenuItem"
            >
              <WithStyles(CardActionArea)
                className="helpMenu MenuItem command"
                onClick={[Function]}
              >
                <div
                  className="MenuIcon"
                >
                  <i
                    className="fas fa-exclamation"
                  />
                </div>
                <h5>
                  command
                </h5>
              </WithStyles(CardActionArea)>
            </WithStyles(Card)>
            <WithStyles(Card)
              className="mb-1 MenuItem"
            >
              <WithStyles(CardActionArea)
                className="helpMenu MenuItem random"
                onClick={[Function]}
              >
                <div
                  className="MenuIcon"
                >
                  <i
                    className="fas fa-random"
                  />
                </div>
                <h5>
                  random
                </h5>
              </WithStyles(CardActionArea)>
            </WithStyles(Card)>
            <WithStyles(Card)
              className="mb-1 MenuItem"
            >
              <WithStyles(CardActionArea)
                className="helpMenu MenuItem variable"
                onClick={[Function]}
              >
                <div
                  className="MenuIcon"
                >
                  <i
                    className="fas fa-code"
                  />
                </div>
                <h5>
                  variable
                </h5>
              </WithStyles(CardActionArea)>
            </WithStyles(Card)>
            <WithStyles(Card)
              className="mb-1 MenuItem"
            >
              <WithStyles(CardActionArea)
                className="helpMenu MenuItem if"
                onClick={[Function]}
              >
                <div
                  className="MenuIcon"
                >
                  <i
                    className="fas fa-code-branch"
                  />
                </div>
                <h5>
                  if
                </h5>
              </WithStyles(CardActionArea)>
            </WithStyles(Card)>
            <WithStyles(Card)
              className="mb-1 MenuItem"
            >
              <WithStyles(CardActionArea)
                className="helpMenu MenuItem capture"
                onClick={[Function]}
              >
                <div
                  className="MenuIcon"
                >
                  <i
                    className="fas fa-microphone"
                  />
                </div>
                <h5>
                  capture
                </h5>
              </WithStyles(CardActionArea)>
            </WithStyles(Card)>
            <WithStyles(Card)
              className="mb-1 MenuItem"
            >
              <WithStyles(CardActionArea)
                className="helpMenu MenuItem set"
                onClick={[Function]}
              >
                <div
                  className="MenuIcon"
                >
                  <i
                    className="fas fa-code"
                  />
                </div>
                <h5>
                  set
                </h5>
              </WithStyles(CardActionArea)>
            </WithStyles(Card)>
          </React.Fragment>,
          "tag": "div",
        },
        "ref": null,
        "rendered": Object {
          "instance": null,
          "key": undefined,
          "nodeType": "function",
          "props": Object {
            "children": Array [
              <WithStyles(Card)
                className="mb-1 MenuItem"
              >
                <WithStyles(CardActionArea)
                  className="helpMenu MenuItem speak"
                  onClick={[Function]}
                >
                  <div
                    className="MenuIcon"
                  />
                  <h5>
                    speak
                  </h5>
                </WithStyles(CardActionArea)>
              </WithStyles(Card)>,
              <WithStyles(Card)
                className="mb-1 MenuItem"
              >
                <WithStyles(CardActionArea)
                  className="helpMenu MenuItem audio"
                  onClick={[Function]}
                >
                  <div
                    className="MenuIcon"
                  >
                    <i
                      className="fas fa-volume-up"
                    />
                  </div>
                  <h5>
                    audio
                  </h5>
                </WithStyles(CardActionArea)>
              </WithStyles(Card)>,
              <WithStyles(Card)
                className="mb-1 MenuItem"
              >
                <WithStyles(CardActionArea)
                  className="helpMenu MenuItem choice"
                  onClick={[Function]}
                >
                  <div
                    className="MenuIcon"
                  >
                    <i
                      className="fas fa-project-diagram"
                    />
                  </div>
                  <h5>
                    choice
                  </h5>
                </WithStyles(CardActionArea)>
              </WithStyles(Card)>,
              <WithStyles(Card)
                className="mb-1 MenuItem"
              >
                <WithStyles(CardActionArea)
                  className="helpMenu MenuItem command"
                  onClick={[Function]}
                >
                  <div
                    className="MenuIcon"
                  >
                    <i
                      className="fas fa-exclamation"
                    />
                  </div>
                  <h5>
                    command
                  </h5>
                </WithStyles(CardActionArea)>
              </WithStyles(Card)>,
              <WithStyles(Card)
                className="mb-1 MenuItem"
              >
                <WithStyles(CardActionArea)
                  className="helpMenu MenuItem random"
                  onClick={[Function]}
                >
                  <div
                    className="MenuIcon"
                  >
                    <i
                      className="fas fa-random"
                    />
                  </div>
                  <h5>
                    random
                  </h5>
                </WithStyles(CardActionArea)>
              </WithStyles(Card)>,
              <WithStyles(Card)
                className="mb-1 MenuItem"
              >
                <WithStyles(CardActionArea)
                  className="helpMenu MenuItem variable"
                  onClick={[Function]}
                >
                  <div
                    className="MenuIcon"
                  >
                    <i
                      className="fas fa-code"
                    />
                  </div>
                  <h5>
                    variable
                  </h5>
                </WithStyles(CardActionArea)>
              </WithStyles(Card)>,
              <WithStyles(Card)
                className="mb-1 MenuItem"
              >
                <WithStyles(CardActionArea)
                  className="helpMenu MenuItem if"
                  onClick={[Function]}
                >
                  <div
                    className="MenuIcon"
                  >
                    <i
                      className="fas fa-code-branch"
                    />
                  </div>
                  <h5>
                    if
                  </h5>
                </WithStyles(CardActionArea)>
              </WithStyles(Card)>,
              <WithStyles(Card)
                className="mb-1 MenuItem"
              >
                <WithStyles(CardActionArea)
                  className="helpMenu MenuItem capture"
                  onClick={[Function]}
                >
                  <div
                    className="MenuIcon"
                  >
                    <i
                      className="fas fa-microphone"
                    />
                  </div>
                  <h5>
                    capture
                  </h5>
                </WithStyles(CardActionArea)>
              </WithStyles(Card)>,
              <WithStyles(Card)
                className="mb-1 MenuItem"
              >
                <WithStyles(CardActionArea)
                  className="helpMenu MenuItem set"
                  onClick={[Function]}
                >
                  <div
                    className="MenuIcon"
                  >
                    <i
                      className="fas fa-code"
                    />
                  </div>
                  <h5>
                    set
                  </h5>
                </WithStyles(CardActionArea)>
              </WithStyles(Card)>,
            ],
          },
          "ref": null,
          "rendered": Array [
            Object {
              "instance": null,
              "key": "0",
              "nodeType": "class",
              "props": Object {
                "children": <WithStyles(CardActionArea)
                  className="helpMenu MenuItem speak"
                  onClick={[Function]}
                >
                  <div
                    className="MenuIcon"
                  />
                  <h5>
                    speak
                  </h5>
                </WithStyles(CardActionArea)>,
                "className": "mb-1 MenuItem",
              },
              "ref": null,
              "rendered": Object {
                "instance": null,
                "key": undefined,
                "nodeType": "class",
                "props": Object {
                  "children": Array [
                    <div
                      className="MenuIcon"
                    />,
                    <h5>
                      speak
                    </h5>,
                  ],
                  "className": "helpMenu MenuItem speak",
                  "onClick": [Function],
                },
                "ref": null,
                "rendered": Array [
                  Object {
                    "instance": null,
                    "key": undefined,
                    "nodeType": "host",
                    "props": Object {
                      "children": undefined,
                      "className": "MenuIcon",
                    },
                    "ref": null,
                    "rendered": null,
                    "type": "div",
                  },
                  Object {
                    "instance": null,
                    "key": undefined,
                    "nodeType": "host",
                    "props": Object {
                      "children": "speak",
                    },
                    "ref": null,
                    "rendered": "speak",
                    "type": "h5",
                  },
                ],
                "type": [Function],
              },
              "type": [Function],
            },
            Object {
              "instance": null,
              "key": "1",
              "nodeType": "class",
              "props": Object {
                "children": <WithStyles(CardActionArea)
                  className="helpMenu MenuItem audio"
                  onClick={[Function]}
                >
                  <div
                    className="MenuIcon"
                  >
                    <i
                      className="fas fa-volume-up"
                    />
                  </div>
                  <h5>
                    audio
                  </h5>
                </WithStyles(CardActionArea)>,
                "className": "mb-1 MenuItem",
              },
              "ref": null,
              "rendered": Object {
                "instance": null,
                "key": undefined,
                "nodeType": "class",
                "props": Object {
                  "children": Array [
                    <div
                      className="MenuIcon"
                    >
                      <i
                        className="fas fa-volume-up"
                      />
                    </div>,
                    <h5>
                      audio
                    </h5>,
                  ],
                  "className": "helpMenu MenuItem audio",
                  "onClick": [Function],
                },
                "ref": null,
                "rendered": Array [
                  Object {
                    "instance": null,
                    "key": undefined,
                    "nodeType": "host",
                    "props": Object {
                      "children": <i
                        className="fas fa-volume-up"
                      />,
                      "className": "MenuIcon",
                    },
                    "ref": null,
                    "rendered": Object {
                      "instance": null,
                      "key": undefined,
                      "nodeType": "host",
                      "props": Object {
                        "className": "fas fa-volume-up",
                      },
                      "ref": null,
                      "rendered": null,
                      "type": "i",
                    },
                    "type": "div",
                  },
                  Object {
                    "instance": null,
                    "key": undefined,
                    "nodeType": "host",
                    "props": Object {
                      "children": "audio",
                    },
                    "ref": null,
                    "rendered": "audio",
                    "type": "h5",
                  },
                ],
                "type": [Function],
              },
              "type": [Function],
            },
            Object {
              "instance": null,
              "key": "2",
              "nodeType": "class",
              "props": Object {
                "children": <WithStyles(CardActionArea)
                  className="helpMenu MenuItem choice"
                  onClick={[Function]}
                >
                  <div
                    className="MenuIcon"
                  >
                    <i
                      className="fas fa-project-diagram"
                    />
                  </div>
                  <h5>
                    choice
                  </h5>
                </WithStyles(CardActionArea)>,
                "className": "mb-1 MenuItem",
              },
              "ref": null,
              "rendered": Object {
                "instance": null,
                "key": undefined,
                "nodeType": "class",
                "props": Object {
                  "children": Array [
                    <div
                      className="MenuIcon"
                    >
                      <i
                        className="fas fa-project-diagram"
                      />
                    </div>,
                    <h5>
                      choice
                    </h5>,
                  ],
                  "className": "helpMenu MenuItem choice",
                  "onClick": [Function],
                },
                "ref": null,
                "rendered": Array [
                  Object {
                    "instance": null,
                    "key": undefined,
                    "nodeType": "host",
                    "props": Object {
                      "children": <i
                        className="fas fa-project-diagram"
                      />,
                      "className": "MenuIcon",
                    },
                    "ref": null,
                    "rendered": Object {
                      "instance": null,
                      "key": undefined,
                      "nodeType": "host",
                      "props": Object {
                        "className": "fas fa-project-diagram",
                      },
                      "ref": null,
                      "rendered": null,
                      "type": "i",
                    },
                    "type": "div",
                  },
                  Object {
                    "instance": null,
                    "key": undefined,
                    "nodeType": "host",
                    "props": Object {
                      "children": "choice",
                    },
                    "ref": null,
                    "rendered": "choice",
                    "type": "h5",
                  },
                ],
                "type": [Function],
              },
              "type": [Function],
            },
            Object {
              "instance": null,
              "key": "3",
              "nodeType": "class",
              "props": Object {
                "children": <WithStyles(CardActionArea)
                  className="helpMenu MenuItem command"
                  onClick={[Function]}
                >
                  <div
                    className="MenuIcon"
                  >
                    <i
                      className="fas fa-exclamation"
                    />
                  </div>
                  <h5>
                    command
                  </h5>
                </WithStyles(CardActionArea)>,
                "className": "mb-1 MenuItem",
              },
              "ref": null,
              "rendered": Object {
                "instance": null,
                "key": undefined,
                "nodeType": "class",
                "props": Object {
                  "children": Array [
                    <div
                      className="MenuIcon"
                    >
                      <i
                        className="fas fa-exclamation"
                      />
                    </div>,
                    <h5>
                      command
                    </h5>,
                  ],
                  "className": "helpMenu MenuItem command",
                  "onClick": [Function],
                },
                "ref": null,
                "rendered": Array [
                  Object {
                    "instance": null,
                    "key": undefined,
                    "nodeType": "host",
                    "props": Object {
                      "children": <i
                        className="fas fa-exclamation"
                      />,
                      "className": "MenuIcon",
                    },
                    "ref": null,
                    "rendered": Object {
                      "instance": null,
                      "key": undefined,
                      "nodeType": "host",
                      "props": Object {
                        "className": "fas fa-exclamation",
                      },
                      "ref": null,
                      "rendered": null,
                      "type": "i",
                    },
                    "type": "div",
                  },
                  Object {
                    "instance": null,
                    "key": undefined,
                    "nodeType": "host",
                    "props": Object {
                      "children": "command",
                    },
                    "ref": null,
                    "rendered": "command",
                    "type": "h5",
                  },
                ],
                "type": [Function],
              },
              "type": [Function],
            },
            Object {
              "instance": null,
              "key": "4",
              "nodeType": "class",
              "props": Object {
                "children": <WithStyles(CardActionArea)
                  className="helpMenu MenuItem random"
                  onClick={[Function]}
                >
                  <div
                    className="MenuIcon"
                  >
                    <i
                      className="fas fa-random"
                    />
                  </div>
                  <h5>
                    random
                  </h5>
                </WithStyles(CardActionArea)>,
                "className": "mb-1 MenuItem",
              },
              "ref": null,
              "rendered": Object {
                "instance": null,
                "key": undefined,
                "nodeType": "class",
                "props": Object {
                  "children": Array [
                    <div
                      className="MenuIcon"
                    >
                      <i
                        className="fas fa-random"
                      />
                    </div>,
                    <h5>
                      random
                    </h5>,
                  ],
                  "className": "helpMenu MenuItem random",
                  "onClick": [Function],
                },
                "ref": null,
                "rendered": Array [
                  Object {
                    "instance": null,
                    "key": undefined,
                    "nodeType": "host",
                    "props": Object {
                      "children": <i
                        className="fas fa-random"
                      />,
                      "className": "MenuIcon",
                    },
                    "ref": null,
                    "rendered": Object {
                      "instance": null,
                      "key": undefined,
                      "nodeType": "host",
                      "props": Object {
                        "className": "fas fa-random",
                      },
                      "ref": null,
                      "rendered": null,
                      "type": "i",
                    },
                    "type": "div",
                  },
                  Object {
                    "instance": null,
                    "key": undefined,
                    "nodeType": "host",
                    "props": Object {
                      "children": "random",
                    },
                    "ref": null,
                    "rendered": "random",
                    "type": "h5",
                  },
                ],
                "type": [Function],
              },
              "type": [Function],
            },
            Object {
              "instance": null,
              "key": "5",
              "nodeType": "class",
              "props": Object {
                "children": <WithStyles(CardActionArea)
                  className="helpMenu MenuItem variable"
                  onClick={[Function]}
                >
                  <div
                    className="MenuIcon"
                  >
                    <i
                      className="fas fa-code"
                    />
                  </div>
                  <h5>
                    variable
                  </h5>
                </WithStyles(CardActionArea)>,
                "className": "mb-1 MenuItem",
              },
              "ref": null,
              "rendered": Object {
                "instance": null,
                "key": undefined,
                "nodeType": "class",
                "props": Object {
                  "children": Array [
                    <div
                      className="MenuIcon"
                    >
                      <i
                        className="fas fa-code"
                      />
                    </div>,
                    <h5>
                      variable
                    </h5>,
                  ],
                  "className": "helpMenu MenuItem variable",
                  "onClick": [Function],
                },
                "ref": null,
                "rendered": Array [
                  Object {
                    "instance": null,
                    "key": undefined,
                    "nodeType": "host",
                    "props": Object {
                      "children": <i
                        className="fas fa-code"
                      />,
                      "className": "MenuIcon",
                    },
                    "ref": null,
                    "rendered": Object {
                      "instance": null,
                      "key": undefined,
                      "nodeType": "host",
                      "props": Object {
                        "className": "fas fa-code",
                      },
                      "ref": null,
                      "rendered": null,
                      "type": "i",
                    },
                    "type": "div",
                  },
                  Object {
                    "instance": null,
                    "key": undefined,
                    "nodeType": "host",
                    "props": Object {
                      "children": "variable",
                    },
                    "ref": null,
                    "rendered": "variable",
                    "type": "h5",
                  },
                ],
                "type": [Function],
              },
              "type": [Function],
            },
            Object {
              "instance": null,
              "key": "6",
              "nodeType": "class",
              "props": Object {
                "children": <WithStyles(CardActionArea)
                  className="helpMenu MenuItem if"
                  onClick={[Function]}
                >
                  <div
                    className="MenuIcon"
                  >
                    <i
                      className="fas fa-code-branch"
                    />
                  </div>
                  <h5>
                    if
                  </h5>
                </WithStyles(CardActionArea)>,
                "className": "mb-1 MenuItem",
              },
              "ref": null,
              "rendered": Object {
                "instance": null,
                "key": undefined,
                "nodeType": "class",
                "props": Object {
                  "children": Array [
                    <div
                      className="MenuIcon"
                    >
                      <i
                        className="fas fa-code-branch"
                      />
                    </div>,
                    <h5>
                      if
                    </h5>,
                  ],
                  "className": "helpMenu MenuItem if",
                  "onClick": [Function],
                },
                "ref": null,
                "rendered": Array [
                  Object {
                    "instance": null,
                    "key": undefined,
                    "nodeType": "host",
                    "props": Object {
                      "children": <i
                        className="fas fa-code-branch"
                      />,
                      "className": "MenuIcon",
                    },
                    "ref": null,
                    "rendered": Object {
                      "instance": null,
                      "key": undefined,
                      "nodeType": "host",
                      "props": Object {
                        "className": "fas fa-code-branch",
                      },
                      "ref": null,
                      "rendered": null,
                      "type": "i",
                    },
                    "type": "div",
                  },
                  Object {
                    "instance": null,
                    "key": undefined,
                    "nodeType": "host",
                    "props": Object {
                      "children": "if",
                    },
                    "ref": null,
                    "rendered": "if",
                    "type": "h5",
                  },
                ],
                "type": [Function],
              },
              "type": [Function],
            },
            Object {
              "instance": null,
              "key": "7",
              "nodeType": "class",
              "props": Object {
                "children": <WithStyles(CardActionArea)
                  className="helpMenu MenuItem capture"
                  onClick={[Function]}
                >
                  <div
                    className="MenuIcon"
                  >
                    <i
                      className="fas fa-microphone"
                    />
                  </div>
                  <h5>
                    capture
                  </h5>
                </WithStyles(CardActionArea)>,
                "className": "mb-1 MenuItem",
              },
              "ref": null,
              "rendered": Object {
                "instance": null,
                "key": undefined,
                "nodeType": "class",
                "props": Object {
                  "children": Array [
                    <div
                      className="MenuIcon"
                    >
                      <i
                        className="fas fa-microphone"
                      />
                    </div>,
                    <h5>
                      capture
                    </h5>,
                  ],
                  "className": "helpMenu MenuItem capture",
                  "onClick": [Function],
                },
                "ref": null,
                "rendered": Array [
                  Object {
                    "instance": null,
                    "key": undefined,
                    "nodeType": "host",
                    "props": Object {
                      "children": <i
                        className="fas fa-microphone"
                      />,
                      "className": "MenuIcon",
                    },
                    "ref": null,
                    "rendered": Object {
                      "instance": null,
                      "key": undefined,
                      "nodeType": "host",
                      "props": Object {
                        "className": "fas fa-microphone",
                      },
                      "ref": null,
                      "rendered": null,
                      "type": "i",
                    },
                    "type": "div",
                  },
                  Object {
                    "instance": null,
                    "key": undefined,
                    "nodeType": "host",
                    "props": Object {
                      "children": "capture",
                    },
                    "ref": null,
                    "rendered": "capture",
                    "type": "h5",
                  },
                ],
                "type": [Function],
              },
              "type": [Function],
            },
            Object {
              "instance": null,
              "key": "8",
              "nodeType": "class",
              "props": Object {
                "children": <WithStyles(CardActionArea)
                  className="helpMenu MenuItem set"
                  onClick={[Function]}
                >
                  <div
                    className="MenuIcon"
                  >
                    <i
                      className="fas fa-code"
                    />
                  </div>
                  <h5>
                    set
                  </h5>
                </WithStyles(CardActionArea)>,
                "className": "mb-1 MenuItem",
              },
              "ref": null,
              "rendered": Object {
                "instance": null,
                "key": undefined,
                "nodeType": "class",
                "props": Object {
                  "children": Array [
                    <div
                      className="MenuIcon"
                    >
                      <i
                        className="fas fa-code"
                      />
                    </div>,
                    <h5>
                      set
                    </h5>,
                  ],
                  "className": "helpMenu MenuItem set",
                  "onClick": [Function],
                },
                "ref": null,
                "rendered": Array [
                  Object {
                    "instance": null,
                    "key": undefined,
                    "nodeType": "host",
                    "props": Object {
                      "children": <i
                        className="fas fa-code"
                      />,
                      "className": "MenuIcon",
                    },
                    "ref": null,
                    "rendered": Object {
                      "instance": null,
                      "key": undefined,
                      "nodeType": "host",
                      "props": Object {
                        "className": "fas fa-code",
                      },
                      "ref": null,
                      "rendered": null,
                      "type": "i",
                    },
                    "type": "div",
                  },
                  Object {
                    "instance": null,
                    "key": undefined,
                    "nodeType": "host",
                    "props": Object {
                      "children": "set",
                    },
                    "ref": null,
                    "rendered": "set",
                    "type": "h5",
                  },
                ],
                "type": [Function],
              },
              "type": [Function],
            },
          ],
          "type": Symbol(react.fragment),
        },
        "type": [Function],
      },
    ],
    "type": [Function],
  },
  Symbol(enzyme.__nodes__): Array [
    Object {
      "instance": null,
      "key": undefined,
      "nodeType": "class",
      "props": Object {
        "autoFocus": true,
        "backdrop": true,
        "backdropTransition": Object {
          "mountOnEnter": true,
          "timeout": 150,
        },
        "centered": false,
        "children": Array [
          <ModalHeader
            charCode={215}
            closeAriaLabel="Close"
            tag="h5"
            wrapTag="div"
          >
            Blocks
          </ModalHeader>,
          <ModalBody
            tag="div"
          >
            <React.Fragment>
              <WithStyles(Card)
                className="mb-1 MenuItem"
              >
                <WithStyles(CardActionArea)
                  className="helpMenu MenuItem speak"
                  onClick={[Function]}
                >
                  <div
                    className="MenuIcon"
                  />
                  <h5>
                    speak
                  </h5>
                </WithStyles(CardActionArea)>
              </WithStyles(Card)>
              <WithStyles(Card)
                className="mb-1 MenuItem"
              >
                <WithStyles(CardActionArea)
                  className="helpMenu MenuItem audio"
                  onClick={[Function]}
                >
                  <div
                    className="MenuIcon"
                  >
                    <i
                      className="fas fa-volume-up"
                    />
                  </div>
                  <h5>
                    audio
                  </h5>
                </WithStyles(CardActionArea)>
              </WithStyles(Card)>
              <WithStyles(Card)
                className="mb-1 MenuItem"
              >
                <WithStyles(CardActionArea)
                  className="helpMenu MenuItem choice"
                  onClick={[Function]}
                >
                  <div
                    className="MenuIcon"
                  >
                    <i
                      className="fas fa-project-diagram"
                    />
                  </div>
                  <h5>
                    choice
                  </h5>
                </WithStyles(CardActionArea)>
              </WithStyles(Card)>
              <WithStyles(Card)
                className="mb-1 MenuItem"
              >
                <WithStyles(CardActionArea)
                  className="helpMenu MenuItem command"
                  onClick={[Function]}
                >
                  <div
                    className="MenuIcon"
                  >
                    <i
                      className="fas fa-exclamation"
                    />
                  </div>
                  <h5>
                    command
                  </h5>
                </WithStyles(CardActionArea)>
              </WithStyles(Card)>
              <WithStyles(Card)
                className="mb-1 MenuItem"
              >
                <WithStyles(CardActionArea)
                  className="helpMenu MenuItem random"
                  onClick={[Function]}
                >
                  <div
                    className="MenuIcon"
                  >
                    <i
                      className="fas fa-random"
                    />
                  </div>
                  <h5>
                    random
                  </h5>
                </WithStyles(CardActionArea)>
              </WithStyles(Card)>
              <WithStyles(Card)
                className="mb-1 MenuItem"
              >
                <WithStyles(CardActionArea)
                  className="helpMenu MenuItem variable"
                  onClick={[Function]}
                >
                  <div
                    className="MenuIcon"
                  >
                    <i
                      className="fas fa-code"
                    />
                  </div>
                  <h5>
                    variable
                  </h5>
                </WithStyles(CardActionArea)>
              </WithStyles(Card)>
              <WithStyles(Card)
                className="mb-1 MenuItem"
              >
                <WithStyles(CardActionArea)
                  className="helpMenu MenuItem if"
                  onClick={[Function]}
                >
                  <div
                    className="MenuIcon"
                  >
                    <i
                      className="fas fa-code-branch"
                    />
                  </div>
                  <h5>
                    if
                  </h5>
                </WithStyles(CardActionArea)>
              </WithStyles(Card)>
              <WithStyles(Card)
                className="mb-1 MenuItem"
              >
                <WithStyles(CardActionArea)
                  className="helpMenu MenuItem capture"
                  onClick={[Function]}
                >
                  <div
                    className="MenuIcon"
                  >
                    <i
                      className="fas fa-microphone"
                    />
                  </div>
                  <h5>
                    capture
                  </h5>
                </WithStyles(CardActionArea)>
              </WithStyles(Card)>
              <WithStyles(Card)
                className="mb-1 MenuItem"
              >
                <WithStyles(CardActionArea)
                  className="helpMenu MenuItem set"
                  onClick={[Function]}
                >
                  <div
                    className="MenuIcon"
                  >
                    <i
                      className="fas fa-code"
                    />
                  </div>
                  <h5>
                    set
                  </h5>
                </WithStyles(CardActionArea)>
              </WithStyles(Card)>
            </React.Fragment>
          </ModalBody>,
        ],
        "fade": true,
        "isOpen": false,
        "keyboard": true,
        "modalTransition": Object {
          "timeout": 300,
        },
        "onClosed": [Function],
        "onOpened": [Function],
        "role": "dialog",
        "toggle": undefined,
        "zIndex": 1050,
      },
      "ref": null,
      "rendered": Array [
        Object {
          "instance": null,
          "key": undefined,
          "nodeType": "function",
          "props": Object {
            "charCode": 215,
            "children": "Blocks",
            "closeAriaLabel": "Close",
            "tag": "h5",
            "toggle": undefined,
            "wrapTag": "div",
          },
          "ref": null,
          "rendered": "Blocks",
          "type": [Function],
        },
        Object {
          "instance": null,
          "key": undefined,
          "nodeType": "function",
          "props": Object {
            "children": <React.Fragment>
              <WithStyles(Card)
                className="mb-1 MenuItem"
              >
                <WithStyles(CardActionArea)
                  className="helpMenu MenuItem speak"
                  onClick={[Function]}
                >
                  <div
                    className="MenuIcon"
                  />
                  <h5>
                    speak
                  </h5>
                </WithStyles(CardActionArea)>
              </WithStyles(Card)>
              <WithStyles(Card)
                className="mb-1 MenuItem"
              >
                <WithStyles(CardActionArea)
                  className="helpMenu MenuItem audio"
                  onClick={[Function]}
                >
                  <div
                    className="MenuIcon"
                  >
                    <i
                      className="fas fa-volume-up"
                    />
                  </div>
                  <h5>
                    audio
                  </h5>
                </WithStyles(CardActionArea)>
              </WithStyles(Card)>
              <WithStyles(Card)
                className="mb-1 MenuItem"
              >
                <WithStyles(CardActionArea)
                  className="helpMenu MenuItem choice"
                  onClick={[Function]}
                >
                  <div
                    className="MenuIcon"
                  >
                    <i
                      className="fas fa-project-diagram"
                    />
                  </div>
                  <h5>
                    choice
                  </h5>
                </WithStyles(CardActionArea)>
              </WithStyles(Card)>
              <WithStyles(Card)
                className="mb-1 MenuItem"
              >
                <WithStyles(CardActionArea)
                  className="helpMenu MenuItem command"
                  onClick={[Function]}
                >
                  <div
                    className="MenuIcon"
                  >
                    <i
                      className="fas fa-exclamation"
                    />
                  </div>
                  <h5>
                    command
                  </h5>
                </WithStyles(CardActionArea)>
              </WithStyles(Card)>
              <WithStyles(Card)
                className="mb-1 MenuItem"
              >
                <WithStyles(CardActionArea)
                  className="helpMenu MenuItem random"
                  onClick={[Function]}
                >
                  <div
                    className="MenuIcon"
                  >
                    <i
                      className="fas fa-random"
                    />
                  </div>
                  <h5>
                    random
                  </h5>
                </WithStyles(CardActionArea)>
              </WithStyles(Card)>
              <WithStyles(Card)
                className="mb-1 MenuItem"
              >
                <WithStyles(CardActionArea)
                  className="helpMenu MenuItem variable"
                  onClick={[Function]}
                >
                  <div
                    className="MenuIcon"
                  >
                    <i
                      className="fas fa-code"
                    />
                  </div>
                  <h5>
                    variable
                  </h5>
                </WithStyles(CardActionArea)>
              </WithStyles(Card)>
              <WithStyles(Card)
                className="mb-1 MenuItem"
              >
                <WithStyles(CardActionArea)
                  className="helpMenu MenuItem if"
                  onClick={[Function]}
                >
                  <div
                    className="MenuIcon"
                  >
                    <i
                      className="fas fa-code-branch"
                    />
                  </div>
                  <h5>
                    if
                  </h5>
                </WithStyles(CardActionArea)>
              </WithStyles(Card)>
              <WithStyles(Card)
                className="mb-1 MenuItem"
              >
                <WithStyles(CardActionArea)
                  className="helpMenu MenuItem capture"
                  onClick={[Function]}
                >
                  <div
                    className="MenuIcon"
                  >
                    <i
                      className="fas fa-microphone"
                    />
                  </div>
                  <h5>
                    capture
                  </h5>
                </WithStyles(CardActionArea)>
              </WithStyles(Card)>
              <WithStyles(Card)
                className="mb-1 MenuItem"
              >
                <WithStyles(CardActionArea)
                  className="helpMenu MenuItem set"
                  onClick={[Function]}
                >
                  <div
                    className="MenuIcon"
                  >
                    <i
                      className="fas fa-code"
                    />
                  </div>
                  <h5>
                    set
                  </h5>
                </WithStyles(CardActionArea)>
              </WithStyles(Card)>
            </React.Fragment>,
            "tag": "div",
          },
          "ref": null,
          "rendered": Object {
            "instance": null,
            "key": undefined,
            "nodeType": "function",
            "props": Object {
              "children": Array [
                <WithStyles(Card)
                  className="mb-1 MenuItem"
                >
                  <WithStyles(CardActionArea)
                    className="helpMenu MenuItem speak"
                    onClick={[Function]}
                  >
                    <div
                      className="MenuIcon"
                    />
                    <h5>
                      speak
                    </h5>
                  </WithStyles(CardActionArea)>
                </WithStyles(Card)>,
                <WithStyles(Card)
                  className="mb-1 MenuItem"
                >
                  <WithStyles(CardActionArea)
                    className="helpMenu MenuItem audio"
                    onClick={[Function]}
                  >
                    <div
                      className="MenuIcon"
                    >
                      <i
                        className="fas fa-volume-up"
                      />
                    </div>
                    <h5>
                      audio
                    </h5>
                  </WithStyles(CardActionArea)>
                </WithStyles(Card)>,
                <WithStyles(Card)
                  className="mb-1 MenuItem"
                >
                  <WithStyles(CardActionArea)
                    className="helpMenu MenuItem choice"
                    onClick={[Function]}
                  >
                    <div
                      className="MenuIcon"
                    >
                      <i
                        className="fas fa-project-diagram"
                      />
                    </div>
                    <h5>
                      choice
                    </h5>
                  </WithStyles(CardActionArea)>
                </WithStyles(Card)>,
                <WithStyles(Card)
                  className="mb-1 MenuItem"
                >
                  <WithStyles(CardActionArea)
                    className="helpMenu MenuItem command"
                    onClick={[Function]}
                  >
                    <div
                      className="MenuIcon"
                    >
                      <i
                        className="fas fa-exclamation"
                      />
                    </div>
                    <h5>
                      command
                    </h5>
                  </WithStyles(CardActionArea)>
                </WithStyles(Card)>,
                <WithStyles(Card)
                  className="mb-1 MenuItem"
                >
                  <WithStyles(CardActionArea)
                    className="helpMenu MenuItem random"
                    onClick={[Function]}
                  >
                    <div
                      className="MenuIcon"
                    >
                      <i
                        className="fas fa-random"
                      />
                    </div>
                    <h5>
                      random
                    </h5>
                  </WithStyles(CardActionArea)>
                </WithStyles(Card)>,
                <WithStyles(Card)
                  className="mb-1 MenuItem"
                >
                  <WithStyles(CardActionArea)
                    className="helpMenu MenuItem variable"
                    onClick={[Function]}
                  >
                    <div
                      className="MenuIcon"
                    >
                      <i
                        className="fas fa-code"
                      />
                    </div>
                    <h5>
                      variable
                    </h5>
                  </WithStyles(CardActionArea)>
                </WithStyles(Card)>,
                <WithStyles(Card)
                  className="mb-1 MenuItem"
                >
                  <WithStyles(CardActionArea)
                    className="helpMenu MenuItem if"
                    onClick={[Function]}
                  >
                    <div
                      className="MenuIcon"
                    >
                      <i
                        className="fas fa-code-branch"
                      />
                    </div>
                    <h5>
                      if
                    </h5>
                  </WithStyles(CardActionArea)>
                </WithStyles(Card)>,
                <WithStyles(Card)
                  className="mb-1 MenuItem"
                >
                  <WithStyles(CardActionArea)
                    className="helpMenu MenuItem capture"
                    onClick={[Function]}
                  >
                    <div
                      className="MenuIcon"
                    >
                      <i
                        className="fas fa-microphone"
                      />
                    </div>
                    <h5>
                      capture
                    </h5>
                  </WithStyles(CardActionArea)>
                </WithStyles(Card)>,
                <WithStyles(Card)
                  className="mb-1 MenuItem"
                >
                  <WithStyles(CardActionArea)
                    className="helpMenu MenuItem set"
                    onClick={[Function]}
                  >
                    <div
                      className="MenuIcon"
                    >
                      <i
                        className="fas fa-code"
                      />
                    </div>
                    <h5>
                      set
                    </h5>
                  </WithStyles(CardActionArea)>
                </WithStyles(Card)>,
              ],
            },
            "ref": null,
            "rendered": Array [
              Object {
                "instance": null,
                "key": "0",
                "nodeType": "class",
                "props": Object {
                  "children": <WithStyles(CardActionArea)
                    className="helpMenu MenuItem speak"
                    onClick={[Function]}
                  >
                    <div
                      className="MenuIcon"
                    />
                    <h5>
                      speak
                    </h5>
                  </WithStyles(CardActionArea)>,
                  "className": "mb-1 MenuItem",
                },
                "ref": null,
                "rendered": Object {
                  "instance": null,
                  "key": undefined,
                  "nodeType": "class",
                  "props": Object {
                    "children": Array [
                      <div
                        className="MenuIcon"
                      />,
                      <h5>
                        speak
                      </h5>,
                    ],
                    "className": "helpMenu MenuItem speak",
                    "onClick": [Function],
                  },
                  "ref": null,
                  "rendered": Array [
                    Object {
                      "instance": null,
                      "key": undefined,
                      "nodeType": "host",
                      "props": Object {
                        "children": undefined,
                        "className": "MenuIcon",
                      },
                      "ref": null,
                      "rendered": null,
                      "type": "div",
                    },
                    Object {
                      "instance": null,
                      "key": undefined,
                      "nodeType": "host",
                      "props": Object {
                        "children": "speak",
                      },
                      "ref": null,
                      "rendered": "speak",
                      "type": "h5",
                    },
                  ],
                  "type": [Function],
                },
                "type": [Function],
              },
              Object {
                "instance": null,
                "key": "1",
                "nodeType": "class",
                "props": Object {
                  "children": <WithStyles(CardActionArea)
                    className="helpMenu MenuItem audio"
                    onClick={[Function]}
                  >
                    <div
                      className="MenuIcon"
                    >
                      <i
                        className="fas fa-volume-up"
                      />
                    </div>
                    <h5>
                      audio
                    </h5>
                  </WithStyles(CardActionArea)>,
                  "className": "mb-1 MenuItem",
                },
                "ref": null,
                "rendered": Object {
                  "instance": null,
                  "key": undefined,
                  "nodeType": "class",
                  "props": Object {
                    "children": Array [
                      <div
                        className="MenuIcon"
                      >
                        <i
                          className="fas fa-volume-up"
                        />
                      </div>,
                      <h5>
                        audio
                      </h5>,
                    ],
                    "className": "helpMenu MenuItem audio",
                    "onClick": [Function],
                  },
                  "ref": null,
                  "rendered": Array [
                    Object {
                      "instance": null,
                      "key": undefined,
                      "nodeType": "host",
                      "props": Object {
                        "children": <i
                          className="fas fa-volume-up"
                        />,
                        "className": "MenuIcon",
                      },
                      "ref": null,
                      "rendered": Object {
                        "instance": null,
                        "key": undefined,
                        "nodeType": "host",
                        "props": Object {
                          "className": "fas fa-volume-up",
                        },
                        "ref": null,
                        "rendered": null,
                        "type": "i",
                      },
                      "type": "div",
                    },
                    Object {
                      "instance": null,
                      "key": undefined,
                      "nodeType": "host",
                      "props": Object {
                        "children": "audio",
                      },
                      "ref": null,
                      "rendered": "audio",
                      "type": "h5",
                    },
                  ],
                  "type": [Function],
                },
                "type": [Function],
              },
              Object {
                "instance": null,
                "key": "2",
                "nodeType": "class",
                "props": Object {
                  "children": <WithStyles(CardActionArea)
                    className="helpMenu MenuItem choice"
                    onClick={[Function]}
                  >
                    <div
                      className="MenuIcon"
                    >
                      <i
                        className="fas fa-project-diagram"
                      />
                    </div>
                    <h5>
                      choice
                    </h5>
                  </WithStyles(CardActionArea)>,
                  "className": "mb-1 MenuItem",
                },
                "ref": null,
                "rendered": Object {
                  "instance": null,
                  "key": undefined,
                  "nodeType": "class",
                  "props": Object {
                    "children": Array [
                      <div
                        className="MenuIcon"
                      >
                        <i
                          className="fas fa-project-diagram"
                        />
                      </div>,
                      <h5>
                        choice
                      </h5>,
                    ],
                    "className": "helpMenu MenuItem choice",
                    "onClick": [Function],
                  },
                  "ref": null,
                  "rendered": Array [
                    Object {
                      "instance": null,
                      "key": undefined,
                      "nodeType": "host",
                      "props": Object {
                        "children": <i
                          className="fas fa-project-diagram"
                        />,
                        "className": "MenuIcon",
                      },
                      "ref": null,
                      "rendered": Object {
                        "instance": null,
                        "key": undefined,
                        "nodeType": "host",
                        "props": Object {
                          "className": "fas fa-project-diagram",
                        },
                        "ref": null,
                        "rendered": null,
                        "type": "i",
                      },
                      "type": "div",
                    },
                    Object {
                      "instance": null,
                      "key": undefined,
                      "nodeType": "host",
                      "props": Object {
                        "children": "choice",
                      },
                      "ref": null,
                      "rendered": "choice",
                      "type": "h5",
                    },
                  ],
                  "type": [Function],
                },
                "type": [Function],
              },
              Object {
                "instance": null,
                "key": "3",
                "nodeType": "class",
                "props": Object {
                  "children": <WithStyles(CardActionArea)
                    className="helpMenu MenuItem command"
                    onClick={[Function]}
                  >
                    <div
                      className="MenuIcon"
                    >
                      <i
                        className="fas fa-exclamation"
                      />
                    </div>
                    <h5>
                      command
                    </h5>
                  </WithStyles(CardActionArea)>,
                  "className": "mb-1 MenuItem",
                },
                "ref": null,
                "rendered": Object {
                  "instance": null,
                  "key": undefined,
                  "nodeType": "class",
                  "props": Object {
                    "children": Array [
                      <div
                        className="MenuIcon"
                      >
                        <i
                          className="fas fa-exclamation"
                        />
                      </div>,
                      <h5>
                        command
                      </h5>,
                    ],
                    "className": "helpMenu MenuItem command",
                    "onClick": [Function],
                  },
                  "ref": null,
                  "rendered": Array [
                    Object {
                      "instance": null,
                      "key": undefined,
                      "nodeType": "host",
                      "props": Object {
                        "children": <i
                          className="fas fa-exclamation"
                        />,
                        "className": "MenuIcon",
                      },
                      "ref": null,
                      "rendered": Object {
                        "instance": null,
                        "key": undefined,
                        "nodeType": "host",
                        "props": Object {
                          "className": "fas fa-exclamation",
                        },
                        "ref": null,
                        "rendered": null,
                        "type": "i",
                      },
                      "type": "div",
                    },
                    Object {
                      "instance": null,
                      "key": undefined,
                      "nodeType": "host",
                      "props": Object {
                        "children": "command",
                      },
                      "ref": null,
                      "rendered": "command",
                      "type": "h5",
                    },
                  ],
                  "type": [Function],
                },
                "type": [Function],
              },
              Object {
                "instance": null,
                "key": "4",
                "nodeType": "class",
                "props": Object {
                  "children": <WithStyles(CardActionArea)
                    className="helpMenu MenuItem random"
                    onClick={[Function]}
                  >
                    <div
                      className="MenuIcon"
                    >
                      <i
                        className="fas fa-random"
                      />
                    </div>
                    <h5>
                      random
                    </h5>
                  </WithStyles(CardActionArea)>,
                  "className": "mb-1 MenuItem",
                },
                "ref": null,
                "rendered": Object {
                  "instance": null,
                  "key": undefined,
                  "nodeType": "class",
                  "props": Object {
                    "children": Array [
                      <div
                        className="MenuIcon"
                      >
                        <i
                          className="fas fa-random"
                        />
                      </div>,
                      <h5>
                        random
                      </h5>,
                    ],
                    "className": "helpMenu MenuItem random",
                    "onClick": [Function],
                  },
                  "ref": null,
                  "rendered": Array [
                    Object {
                      "instance": null,
                      "key": undefined,
                      "nodeType": "host",
                      "props": Object {
                        "children": <i
                          className="fas fa-random"
                        />,
                        "className": "MenuIcon",
                      },
                      "ref": null,
                      "rendered": Object {
                        "instance": null,
                        "key": undefined,
                        "nodeType": "host",
                        "props": Object {
                          "className": "fas fa-random",
                        },
                        "ref": null,
                        "rendered": null,
                        "type": "i",
                      },
                      "type": "div",
                    },
                    Object {
                      "instance": null,
                      "key": undefined,
                      "nodeType": "host",
                      "props": Object {
                        "children": "random",
                      },
                      "ref": null,
                      "rendered": "random",
                      "type": "h5",
                    },
                  ],
                  "type": [Function],
                },
                "type": [Function],
              },
              Object {
                "instance": null,
                "key": "5",
                "nodeType": "class",
                "props": Object {
                  "children": <WithStyles(CardActionArea)
                    className="helpMenu MenuItem variable"
                    onClick={[Function]}
                  >
                    <div
                      className="MenuIcon"
                    >
                      <i
                        className="fas fa-code"
                      />
                    </div>
                    <h5>
                      variable
                    </h5>
                  </WithStyles(CardActionArea)>,
                  "className": "mb-1 MenuItem",
                },
                "ref": null,
                "rendered": Object {
                  "instance": null,
                  "key": undefined,
                  "nodeType": "class",
                  "props": Object {
                    "children": Array [
                      <div
                        className="MenuIcon"
                      >
                        <i
                          className="fas fa-code"
                        />
                      </div>,
                      <h5>
                        variable
                      </h5>,
                    ],
                    "className": "helpMenu MenuItem variable",
                    "onClick": [Function],
                  },
                  "ref": null,
                  "rendered": Array [
                    Object {
                      "instance": null,
                      "key": undefined,
                      "nodeType": "host",
                      "props": Object {
                        "children": <i
                          className="fas fa-code"
                        />,
                        "className": "MenuIcon",
                      },
                      "ref": null,
                      "rendered": Object {
                        "instance": null,
                        "key": undefined,
                        "nodeType": "host",
                        "props": Object {
                          "className": "fas fa-code",
                        },
                        "ref": null,
                        "rendered": null,
                        "type": "i",
                      },
                      "type": "div",
                    },
                    Object {
                      "instance": null,
                      "key": undefined,
                      "nodeType": "host",
                      "props": Object {
                        "children": "variable",
                      },
                      "ref": null,
                      "rendered": "variable",
                      "type": "h5",
                    },
                  ],
                  "type": [Function],
                },
                "type": [Function],
              },
              Object {
                "instance": null,
                "key": "6",
                "nodeType": "class",
                "props": Object {
                  "children": <WithStyles(CardActionArea)
                    className="helpMenu MenuItem if"
                    onClick={[Function]}
                  >
                    <div
                      className="MenuIcon"
                    >
                      <i
                        className="fas fa-code-branch"
                      />
                    </div>
                    <h5>
                      if
                    </h5>
                  </WithStyles(CardActionArea)>,
                  "className": "mb-1 MenuItem",
                },
                "ref": null,
                "rendered": Object {
                  "instance": null,
                  "key": undefined,
                  "nodeType": "class",
                  "props": Object {
                    "children": Array [
                      <div
                        className="MenuIcon"
                      >
                        <i
                          className="fas fa-code-branch"
                        />
                      </div>,
                      <h5>
                        if
                      </h5>,
                    ],
                    "className": "helpMenu MenuItem if",
                    "onClick": [Function],
                  },
                  "ref": null,
                  "rendered": Array [
                    Object {
                      "instance": null,
                      "key": undefined,
                      "nodeType": "host",
                      "props": Object {
                        "children": <i
                          className="fas fa-code-branch"
                        />,
                        "className": "MenuIcon",
                      },
                      "ref": null,
                      "rendered": Object {
                        "instance": null,
                        "key": undefined,
                        "nodeType": "host",
                        "props": Object {
                          "className": "fas fa-code-branch",
                        },
                        "ref": null,
                        "rendered": null,
                        "type": "i",
                      },
                      "type": "div",
                    },
                    Object {
                      "instance": null,
                      "key": undefined,
                      "nodeType": "host",
                      "props": Object {
                        "children": "if",
                      },
                      "ref": null,
                      "rendered": "if",
                      "type": "h5",
                    },
                  ],
                  "type": [Function],
                },
                "type": [Function],
              },
              Object {
                "instance": null,
                "key": "7",
                "nodeType": "class",
                "props": Object {
                  "children": <WithStyles(CardActionArea)
                    className="helpMenu MenuItem capture"
                    onClick={[Function]}
                  >
                    <div
                      className="MenuIcon"
                    >
                      <i
                        className="fas fa-microphone"
                      />
                    </div>
                    <h5>
                      capture
                    </h5>
                  </WithStyles(CardActionArea)>,
                  "className": "mb-1 MenuItem",
                },
                "ref": null,
                "rendered": Object {
                  "instance": null,
                  "key": undefined,
                  "nodeType": "class",
                  "props": Object {
                    "children": Array [
                      <div
                        className="MenuIcon"
                      >
                        <i
                          className="fas fa-microphone"
                        />
                      </div>,
                      <h5>
                        capture
                      </h5>,
                    ],
                    "className": "helpMenu MenuItem capture",
                    "onClick": [Function],
                  },
                  "ref": null,
                  "rendered": Array [
                    Object {
                      "instance": null,
                      "key": undefined,
                      "nodeType": "host",
                      "props": Object {
                        "children": <i
                          className="fas fa-microphone"
                        />,
                        "className": "MenuIcon",
                      },
                      "ref": null,
                      "rendered": Object {
                        "instance": null,
                        "key": undefined,
                        "nodeType": "host",
                        "props": Object {
                          "className": "fas fa-microphone",
                        },
                        "ref": null,
                        "rendered": null,
                        "type": "i",
                      },
                      "type": "div",
                    },
                    Object {
                      "instance": null,
                      "key": undefined,
                      "nodeType": "host",
                      "props": Object {
                        "children": "capture",
                      },
                      "ref": null,
                      "rendered": "capture",
                      "type": "h5",
                    },
                  ],
                  "type": [Function],
                },
                "type": [Function],
              },
              Object {
                "instance": null,
                "key": "8",
                "nodeType": "class",
                "props": Object {
                  "children": <WithStyles(CardActionArea)
                    className="helpMenu MenuItem set"
                    onClick={[Function]}
                  >
                    <div
                      className="MenuIcon"
                    >
                      <i
                        className="fas fa-code"
                      />
                    </div>
                    <h5>
                      set
                    </h5>
                  </WithStyles(CardActionArea)>,
                  "className": "mb-1 MenuItem",
                },
                "ref": null,
                "rendered": Object {
                  "instance": null,
                  "key": undefined,
                  "nodeType": "class",
                  "props": Object {
                    "children": Array [
                      <div
                        className="MenuIcon"
                      >
                        <i
                          className="fas fa-code"
                        />
                      </div>,
                      <h5>
                        set
                      </h5>,
                    ],
                    "className": "helpMenu MenuItem set",
                    "onClick": [Function],
                  },
                  "ref": null,
                  "rendered": Array [
                    Object {
                      "instance": null,
                      "key": undefined,
                      "nodeType": "host",
                      "props": Object {
                        "children": <i
                          className="fas fa-code"
                        />,
                        "className": "MenuIcon",
                      },
                      "ref": null,
                      "rendered": Object {
                        "instance": null,
                        "key": undefined,
                        "nodeType": "host",
                        "props": Object {
                          "className": "fas fa-code",
                        },
                        "ref": null,
                        "rendered": null,
                        "type": "i",
                      },
                      "type": "div",
                    },
                    Object {
                      "instance": null,
                      "key": undefined,
                      "nodeType": "host",
                      "props": Object {
                        "children": "set",
                      },
                      "ref": null,
                      "rendered": "set",
                      "type": "h5",
                    },
                  ],
                  "type": [Function],
                },
                "type": [Function],
              },
            ],
            "type": Symbol(react.fragment),
          },
          "type": [Function],
        },
      ],
      "type": [Function],
    },
  ],
  Symbol(enzyme.__options__): Object {
    "adapter": ReactSixteenAdapter {
      "options": Object {
        "enableComponentDidUpdateOnSetState": true,
        "legacyContextMode": "parent",
        "lifecycles": Object {
          "componentDidUpdate": Object {
            "onSetState": true,
          },
          "getChildContext": Object {
            "calledByRenderer": false,
          },
          "getDerivedStateFromProps": true,
          "getSnapshotBeforeUpdate": true,
          "setState": Object {
            "skipsComponentDidUpdateOnNullish": true,
          },
        },
      },
    },
  },
}
`;
